Archive member included to satisfy reference by file (symbol)

contiki-srf06-cc26xx.a(contiki-main.o)
                              obj_srf06-cc26xx/startup_gcc.o (main)
contiki-srf06-cc26xx.a(sensors.o)
                              main.co (sensors_event)
contiki-srf06-cc26xx.a(leds.o)
                              main.co (leds_init)
contiki-srf06-cc26xx.a(leds-arch.o)
                              contiki-srf06-cc26xx.a(leds.o) (leds_arch_init)
contiki-srf06-cc26xx.a(sensortag-senso)
                              contiki-srf06-cc26xx.a(sensors.o) (sensors_flags)
contiki-srf06-cc26xx.a(bmp-280-sensor.)
                              contiki-srf06-cc26xx.a(sensortag-senso) (bmp_280_sensor)
contiki-srf06-cc26xx.a(tmp-007-sensor.)
                              contiki-srf06-cc26xx.a(sensortag-senso) (tmp_007_sensor)
contiki-srf06-cc26xx.a(opt-3001-sensor)
                              contiki-srf06-cc26xx.a(sensortag-senso) (opt_3001_sensor)
contiki-srf06-cc26xx.a(hdc-1000-sensor)
                              contiki-srf06-cc26xx.a(sensortag-senso) (hdc_1000_sensor)
contiki-srf06-cc26xx.a(mpu-9250-sensor)
                              main.co (mpu_9250_sensor)
contiki-srf06-cc26xx.a(button-sensor.o)
                              contiki-srf06-cc26xx.a(sensortag-senso) (button_right_sensor)
contiki-srf06-cc26xx.a(reed-relay.o)
                              main.co (reed_relay_sensor)
contiki-srf06-cc26xx.a(board.o)
                              contiki-srf06-cc26xx.a(contiki-main.o) (board_init)
contiki-srf06-cc26xx.a(board-i2c.o)
                              contiki-srf06-cc26xx.a(board.o) (board_i2c_wakeup)
contiki-srf06-cc26xx.a(clock.o)
                              contiki-srf06-cc26xx.a(contiki-main.o) (clock_init)
contiki-srf06-cc26xx.a(rtimer-arch.o)
                              contiki-srf06-cc26xx.a(mpu-9250-sensor) (rtimer_arch_now)
contiki-srf06-cc26xx.a(soc-rtc.o)
                              contiki-srf06-cc26xx.a(contiki-main.o) (soc_rtc_init)
contiki-srf06-cc26xx.a(contiki-watchdo)
                              contiki-srf06-cc26xx.a(contiki-main.o) (watchdog_init)
contiki-srf06-cc26xx.a(putchar.o)
                              contiki-srf06-cc26xx.a(contiki-main.o) (putchar)
contiki-srf06-cc26xx.a(ieee-addr.o)
                              contiki-srf06-cc26xx.a(contiki-main.o) (ieee_addr_cpy_to)
contiki-srf06-cc26xx.a(cc26xx-uart.o)
                              contiki-srf06-cc26xx.a(contiki-main.o) (cc26xx_uart_init)
contiki-srf06-cc26xx.a(lpm.o)
                              contiki-srf06-cc26xx.a(button-sensor.o) (lpm_shutdown)
contiki-srf06-cc26xx.a(gpio-interrupt.)
                              contiki-srf06-cc26xx.a(button-sensor.o) (gpio_interrupt_register_handler)
contiki-srf06-cc26xx.a(oscillators.o)
                              contiki-srf06-cc26xx.a(contiki-main.o) (oscillators_select_lf_xosc)
contiki-srf06-cc26xx.a(ieee-mode.o)
                              contiki-srf06-cc26xx.a(contiki-main.o) (ieee_mode_driver)
contiki-srf06-cc26xx.a(random.o)
                              contiki-srf06-cc26xx.a(contiki-main.o) (random_init)
contiki-srf06-cc26xx.a(soc-trng.o)
                              contiki-srf06-cc26xx.a(random.o) (soc_trng_rand_synchronous)
contiki-srf06-cc26xx.a(dbg-printf.o)
                              main.co (printf)
contiki-srf06-cc26xx.a(strformat.o)
                              contiki-srf06-cc26xx.a(dbg-printf.o) (format_str_v)
contiki-srf06-cc26xx.a(autostart.o)
                              contiki-srf06-cc26xx.a(contiki-main.o) (autostart_start)
contiki-srf06-cc26xx.a(ctimer.o)
                              contiki-srf06-cc26xx.a(contiki-main.o) (ctimer_init)
contiki-srf06-cc26xx.a(energest.o)
                              contiki-srf06-cc26xx.a(contiki-main.o) (energest_init)
contiki-srf06-cc26xx.a(etimer.o)
                              contiki-srf06-cc26xx.a(clock.o) (etimer_request_poll)
contiki-srf06-cc26xx.a(process.o)
                              main.co (process_alloc_event)
contiki-srf06-cc26xx.a(rtimer.o)
                              contiki-srf06-cc26xx.a(contiki-main.o) (rtimer_init)
contiki-srf06-cc26xx.a(timer.o)
                              contiki-srf06-cc26xx.a(button-sensor.o) (timer_set)
contiki-srf06-cc26xx.a(serial-line.o)
                              contiki-srf06-cc26xx.a(contiki-main.o) (serial_line_init)
contiki-srf06-cc26xx.a(list.o)
                              contiki-srf06-cc26xx.a(lpm.o) (list_init)
contiki-srf06-cc26xx.a(ringbuf.o)
                              contiki-srf06-cc26xx.a(serial-line.o) (ringbuf_init)
contiki-srf06-cc26xx.a(uip6.o)
                              contiki-srf06-cc26xx.a(contiki-main.o) (uip_lladdr)
contiki-srf06-cc26xx.a(uip-nd6.o)
                              contiki-srf06-cc26xx.a(uip6.o) (uip_nd6_init)
contiki-srf06-cc26xx.a(sicslowpan.o)
                              contiki-srf06-cc26xx.a(contiki-main.o) (sicslowpan_driver)
contiki-srf06-cc26xx.a(tcpip.o)
[...]
Memory Configuration

Name             Origin             Length             Attributes
FLASH            0x0000000000000000 0x000000000001ffa8 xr
FLASH_CCFG       0x000000000001ffa8 0x0000000000000058 xr
SRAM             0x0000000020000000 0x0000000000005000 xrw
GPRAM            0x0000000011000000 0x0000000000002000 xrw
*default*        0x0000000000000000 0xffffffffffffffff

Linker script and memory map

LOAD obj_srf06-cc26xx/fault-handlers.o
LOAD obj_srf06-cc26xx/ccfg.o
LOAD obj_srf06-cc26xx/startup_gcc.o
LOAD main.co
LOAD contiki-srf06-cc26xx.a
LOAD /usr/lib/gcc/arm-none-eabi/9.2.1/../../../arm-none-eabi/lib/thumb/v7-m/nofp/libm.a
START GROUP
LOAD /usr/lib/gcc/arm-none-eabi/9.2.1/thumb/v7-m/nofp/libgcc.a
LOAD /usr/lib/gcc/arm-none-eabi/9.2.1/../../../arm-none-eabi/lib/thumb/v7-m/nofp/libc.a
END GROUP
                0x0000000020005000                _estack = (ORIGIN (SRAM) + LENGTH (SRAM))
                0x0000000000000000                _Min_Heap_Size = 0x0
                0x0000000000000100                _Min_Stack_Size = 0x100

.text           0x0000000000000000    0x10e0b
                0x0000000000000000                _text = .
 *(SORT_BY_ALIGNMENT(.vectors))
 .vectors       0x0000000000000000       0xc8 obj_srf06-cc26xx/startup_gcc.o
                0x0000000000000000                g_pfnVectors
 *(SORT_BY_ALIGNMENT(.text*))
 .text.value    0x00000000000000c8       0xb0 contiki-srf06-cc26xx.a(opt-3001-sensor)
 .text.value    0x0000000000000178       0xa4 contiki-srf06-cc26xx.a(hdc-1000-sensor)
 *fill*         0x000000000000021c        0x4 00000000
 .text.value    0x0000000000000220      0x194 contiki-srf06-cc26xx.a(mpu-9250-sensor)
 *fill*         0x00000000000003b4        0x4 00000000
 .text          0x00000000000003b8      0xaa4 /usr/lib/gcc/arm-none-eabi/9.2.1/../../../arm-none-eabi/lib/thumb/v7-m/nofp/libm.a(lib_a-e_pow.o)
                0x00000000000003b8                __ieee754_pow
 *fill*         0x0000000000000e5c        0x4 00000000
 .text          0x0000000000000e60       0xf4 /usr/lib/gcc/arm-none-eabi/9.2.1/../../../arm-none-eabi/lib/thumb/v7-m/nofp/libm.a(lib_a-s_scalbn.o)
                0x0000000000000e60                scalbn
 .text.FaultISR
                0x0000000000000f54       0x18 obj_srf06-cc26xx/fault-handlers.o
                0x0000000000000f54                FaultISR
 .text.NmiSRHandler
                0x0000000000000f6c        0x4 obj_srf06-cc26xx/startup_gcc.o
                0x0000000000000f6c                NmiSR
 .text.IntDefaultHandler
                0x0000000000000f70        0x4 obj_srf06-cc26xx/startup_gcc.o
                0x0000000000000f70                SSI0IntHandler
                0x0000000000000f70                SWEvent0IntHandler
                0x0000000000000f70                uDMAIntHandler
                0x0000000000000f70                WatchdogIntHandler
                0x0000000000000f70                RFCHardwareIntHandler
                0x0000000000000f70                Timer1BIntHandler
                0x0000000000000f70                I2SIntHandler
                0x0000000000000f70                Timer2BIntHandler
                0x0000000000000f70                Timer2AIntHandler
                0x0000000000000f70                Timer1AIntHandler
                0x0000000000000f70                AONIntHandler
                0x0000000000000f70                AUXSWEvent0IntHandler
                0x0000000000000f70                AUXADCIntHandler
                0x0000000000000f70                PendSVIntHandler
                0x0000000000000f70                AUXSWEvent1IntHandler
                0x0000000000000f70                SVCallIntHandler
                0x0000000000000f70                MPUFaultIntHandler
                0x0000000000000f70                SysTickIntHandler
                0x0000000000000f70                BusFaultIntHandler
                0x0000000000000f70                AONProgIntHandler
                0x0000000000000f70                AUXCompAIntHandler
                0x0000000000000f70                SSI1IntHandler
                0x0000000000000f70                FlashIntHandler
                0x0000000000000f70                uDMAErrIntHandler
                0x0000000000000f70                UsageFaultIntHandler
                0x0000000000000f70                RFCCmdAckIntHandler
                0x0000000000000f70                CryptoIntHandler
                0x0000000000000f70                Timer0AIntHandler
                0x0000000000000f70                I2CIntHandler
                0x0000000000000f70                DebugMonIntHandler
                0x0000000000000f70                Timer0BIntHandler
                0x0000000000000f70                AUXCombEventIntHandler
                0x0000000000000f70                Timer3AIntHandler
                0x0000000000000f70                DynProgIntHandler
                0x0000000000000f70                Timer3BIntHandler
 .text.ResetISR
                0x0000000000000f74       0x5c obj_srf06-cc26xx/startup_gcc.o
                0x0000000000000f74                ResetISR
 .text.init_mpu_reading
                0x0000000000000fd0       0x10 main.co
 .text.process_thread_print_process
                0x0000000000000fe0       0x80 main.co
 .text.process_thread_sensor_process
                0x0000000000001060       0xa4 main.co
 .text.fade     0x0000000000001104       0x64 contiki-srf06-cc26xx.a(contiki-main.o)
 .text.startup.main
                0x0000000000001168      0x24c contiki-srf06-cc26xx.a(contiki-main.o)
                0x0000000000001168                main
 .text.process_thread_sensors_process
                0x00000000000013b4       0xf4 contiki-srf06-cc26xx.a(sensors.o)
 .text.sensors_changed
                0x00000000000014a8       0x40 contiki-srf06-cc26xx.a(sensors.o)
                0x00000000000014a8                sensors_changed
 .text.leds_init
                0x00000000000014e8       0x14 contiki-srf06-cc26xx.a(leds.o)
                0x00000000000014e8                leds_init
 .text.leds_on  0x00000000000014fc       0x10 contiki-srf06-cc26xx.a(leds.o)
                0x00000000000014fc                leds_on
 .text.leds_off
                0x000000000000150c       0x14 contiki-srf06-cc26xx.a(leds.o)
                0x000000000000150c                leds_off
 .text.leds_arch_init
                0x0000000000001520       0x38 contiki-srf06-cc26xx.a(leds-arch.o)
                0x0000000000001520                leds_arch_init
 .text.leds_arch_set
                0x0000000000001558       0x34 contiki-srf06-cc26xx.a(leds-arch.o)
                0x0000000000001558                leds_arch_set
 .text.status   0x000000000000158c       0x14 contiki-srf06-cc26xx.a(bmp-280-sensor.)
 .text.notify_ready
                0x00000000000015a0       0x14 contiki-srf06-cc26xx.a(bmp-280-sensor.)
 .text.enable_sensor
                0x00000000000015b4       0x2c contiki-srf06-cc26xx.a(bmp-280-sensor.)
 .text.configure
                0x00000000000015e0       0x98 contiki-srf06-cc26xx.a(bmp-280-sensor.)
 .text.value    0x0000000000001678      0x15c contiki-srf06-cc26xx.a(bmp-280-sensor.)
 .text.status   0x00000000000017d4       0x14 contiki-srf06-cc26xx.a(tmp-007-sensor.)
 .text.notify_ready
                0x00000000000017e8       0x14 contiki-srf06-cc26xx.a(tmp-007-sensor.)
 .text.enable_sensor
                0x00000000000017fc       0x28 contiki-srf06-cc26xx.a(tmp-007-sensor.)
 .text.configure
                0x0000000000001824       0x8c contiki-srf06-cc26xx.a(tmp-007-sensor.)
 .text.value    0x00000000000018b0       0xf0 contiki-srf06-cc26xx.a(tmp-007-sensor.)
 .text.status   0x00000000000019a0        0xc contiki-srf06-cc26xx.a(opt-3001-sensor)
 .text.enable_sensor
                0x00000000000019ac       0x44 contiki-srf06-cc26xx.a(opt-3001-sensor)
 .text.notify_ready
                0x00000000000019f0       0x54 contiki-srf06-cc26xx.a(opt-3001-sensor)
 .text.configure
                0x0000000000001a44       0x48 contiki-srf06-cc26xx.a(opt-3001-sensor)
 .text.status   0x0000000000001a8c       0x14 contiki-srf06-cc26xx.a(hdc-1000-sensor)
 .text.notify_ready
                0x0000000000001aa0       0x6c contiki-srf06-cc26xx.a(hdc-1000-sensor)
 .text.configure
                0x0000000000001b0c       0xc4 contiki-srf06-cc26xx.a(hdc-1000-sensor)
 .text.acc_convert
                0x0000000000001bd0       0x70 contiki-srf06-cc26xx.a(mpu-9250-sensor)
 .text.status   0x0000000000001c40       0x14 contiki-srf06-cc26xx.a(mpu-9250-sensor)
 .text.notify_ready
                0x0000000000001c54       0x14 contiki-srf06-cc26xx.a(mpu-9250-sensor)
 .text.sensor_sleep
                0x0000000000001c68       0x38 contiki-srf06-cc26xx.a(mpu-9250-sensor)
 .text.configure
                0x0000000000001ca0       0xdc contiki-srf06-cc26xx.a(mpu-9250-sensor)
 .text.int_status
                0x0000000000001d7c       0x28 contiki-srf06-cc26xx.a(mpu-9250-sensor)
 .text.initialise
                0x0000000000001da4      0x100 contiki-srf06-cc26xx.a(mpu-9250-sensor)
 .text.status.part.0
                0x0000000000001ea4       0x14 contiki-srf06-cc26xx.a(button-sensor.o)
 .text.value_left
                0x0000000000001eb8       0x24 contiki-srf06-cc26xx.a(button-sensor.o)
 .text.value_right
                0x0000000000001edc       0x18 contiki-srf06-cc26xx.a(button-sensor.o)
 .text.status_left
                0x0000000000001ef4       0x10 contiki-srf06-cc26xx.a(button-sensor.o)
 .text.status_right
                0x0000000000001f04       0x10 contiki-srf06-cc26xx.a(button-sensor.o)
 .text.config_buttons
                0x0000000000001f14       0x84 contiki-srf06-cc26xx.a(button-sensor.o)
 .text.config_left
                0x0000000000001f98        0xc contiki-srf06-cc26xx.a(button-sensor.o)
 .text.config_right
                0x0000000000001fa4        0xc contiki-srf06-cc26xx.a(button-sensor.o)
 .text.button_press_handler
                0x0000000000001fb0       0x64 contiki-srf06-cc26xx.a(button-sensor.o)
 .text.value    0x0000000000002014       0x10 contiki-srf06-cc26xx.a(reed-relay.o)
 .text.status   0x0000000000002024       0x20 contiki-srf06-cc26xx.a(reed-relay.o)
 .text.configure
                0x0000000000002044       0x6c contiki-srf06-cc26xx.a(reed-relay.o)
 .text.reed_interrupt_handler
                0x00000000000020b0       0x28 contiki-srf06-cc26xx.a(reed-relay.o)
 .text.power_domains_on
                0x00000000000020d8       0x20 contiki-srf06-cc26xx.a(board.o)
 .text.lpm_wakeup_handler
                0x00000000000020f8        0x4 contiki-srf06-cc26xx.a(board.o)
 .text.shutdown_handler
                0x00000000000020fc       0x68 contiki-srf06-cc26xx.a(board.o)
 .text.board_init
                0x0000000000002164      0x110 contiki-srf06-cc26xx.a(board.o)
                0x0000000000002164                board_init
 .text.i2c_status
                0x0000000000002274       0x3c contiki-srf06-cc26xx.a(board-i2c.o)
 .text.board_i2c_wakeup
                0x00000000000022b0       0x5c contiki-srf06-cc26xx.a(board-i2c.o)
                0x00000000000022b0                board_i2c_wakeup
 .text.board_i2c_shutdown
                0x000000000000230c       0xbc contiki-srf06-cc26xx.a(board-i2c.o)
                0x000000000000230c                board_i2c_shutdown
 .text.board_i2c_write
                0x00000000000023c8      0x134 contiki-srf06-cc26xx.a(board-i2c.o)
                0x00000000000023c8                board_i2c_write
 .text.board_i2c_write_single
                0x00000000000024fc       0x70 contiki-srf06-cc26xx.a(board-i2c.o)
                0x00000000000024fc                board_i2c_write_single
 .text.board_i2c_read
                0x000000000000256c       0xfc contiki-srf06-cc26xx.a(board-i2c.o)
                0x000000000000256c                board_i2c_read
 .text.board_i2c_write_read
                0x0000000000002668      0x1a8 contiki-srf06-cc26xx.a(board-i2c.o)
                0x0000000000002668                board_i2c_write_read
 .text.board_i2c_select
                0x0000000000002810       0xf4 contiki-srf06-cc26xx.a(board-i2c.o)
                0x0000000000002810                board_i2c_select
 .text.power_domain_on
                0x0000000000002904       0x20 contiki-srf06-cc26xx.a(clock.o)
 .text.clock_init
                0x0000000000002924       0x9c contiki-srf06-cc26xx.a(clock.o)
                0x0000000000002924                clock_init
 .text.clock_time
                0x00000000000029c0       0x34 contiki-srf06-cc26xx.a(clock.o)
                0x00000000000029c0                clock_time
 .text.clock_update
                0x00000000000029f4       0x3c contiki-srf06-cc26xx.a(clock.o)
                0x00000000000029f4                clock_update
 .text.clock_seconds
                0x0000000000002a30       0x1c contiki-srf06-cc26xx.a(clock.o)
                0x0000000000002a30                clock_seconds
 .text.rtimer_arch_init
                0x0000000000002a4c        0x4 contiki-srf06-cc26xx.a(rtimer-arch.o)
                0x0000000000002a4c                rtimer_arch_init
 .text.rtimer_arch_schedule
                0x0000000000002a50        0x8 contiki-srf06-cc26xx.a(rtimer-arch.o)
                0x0000000000002a50                rtimer_arch_schedule
 .text.rtimer_arch_now
                0x0000000000002a58        0x4 contiki-srf06-cc26xx.a(rtimer-arch.o)
                0x0000000000002a58                rtimer_arch_now
 .text.soc_rtc_init
                0x0000000000002a5c       0xa0 contiki-srf06-cc26xx.a(soc-rtc.o)
                0x0000000000002a5c                soc_rtc_init
 .text.soc_rtc_schedule_one_shot
                0x0000000000002afc       0x70 contiki-srf06-cc26xx.a(soc-rtc.o)
                0x0000000000002afc                soc_rtc_schedule_one_shot
 .text.soc_rtc_last_isr_time
                0x0000000000002b6c        0xc contiki-srf06-cc26xx.a(soc-rtc.o)
                0x0000000000002b6c                soc_rtc_last_isr_time
 .text.AONRTCIntHandler
                0x0000000000002b78       0x88 contiki-srf06-cc26xx.a(soc-rtc.o)
                0x0000000000002b78                AONRTCIntHandler
 .text.watchdog_init
                0x0000000000002c00       0x1c contiki-srf06-cc26xx.a(contiki-watchdo)
                0x0000000000002c00                watchdog_init
 .text.watchdog_start
                0x0000000000002c1c       0x64 contiki-srf06-cc26xx.a(contiki-watchdo)
                0x0000000000002c1c                watchdog_start
 .text.watchdog_periodic
                0x0000000000002c80       0x1c contiki-srf06-cc26xx.a(contiki-watchdo)
                0x0000000000002c80                watchdog_periodic
 .text.putchar  0x0000000000002c9c       0x10 contiki-srf06-cc26xx.a(putchar.o)
                0x0000000000002c9c                putchar
 .text.puts     0x0000000000002cac       0x30 contiki-srf06-cc26xx.a(putchar.o)
                0x0000000000002cac                puts
 .text.dbg_send_bytes
                0x0000000000002cdc       0x30 contiki-srf06-cc26xx.a(putchar.o)
                0x0000000000002cdc                dbg_send_bytes
 .text.ieee_addr_cpy_to
                0x0000000000002d0c       0x40 contiki-srf06-cc26xx.a(ieee-addr.o)
                0x0000000000002d0c                ieee_addr_cpy_to
 .text.power_and_clock
                0x0000000000002d4c       0x40 contiki-srf06-cc26xx.a(cc26xx-uart.o)
 .text.enable   0x0000000000002d8c       0xf0 contiki-srf06-cc26xx.a(cc26xx-uart.o)
 .text.lpm_drop_handler
                0x0000000000002e7c      0x118 contiki-srf06-cc26xx.a(cc26xx-uart.o)
 .text.cc26xx_uart_init
                0x0000000000002f94       0x28 contiki-srf06-cc26xx.a(cc26xx-uart.o)
                0x0000000000002f94                cc26xx_uart_init
 .text.cc26xx_uart_write_byte
                0x0000000000002fbc       0x40 contiki-srf06-cc26xx.a(cc26xx-uart.o)
                0x0000000000002fbc                cc26xx_uart_write_byte
 .text.cc26xx_uart_busy
                0x0000000000002ffc       0x38 contiki-srf06-cc26xx.a(cc26xx-uart.o)
                0x0000000000002ffc                cc26xx_uart_busy
 .text.UART0IntHandler
                0x0000000000003034       0x54 contiki-srf06-cc26xx.a(cc26xx-uart.o)
                0x0000000000003034                UART0IntHandler
 .text.lpm_shutdown
                0x0000000000003088      0x198 contiki-srf06-cc26xx.a(lpm.o)
                0x0000000000003088                lpm_shutdown
 .text.lpm_sleep
                0x0000000000003220       0x14 contiki-srf06-cc26xx.a(lpm.o)
                0x0000000000003220                lpm_sleep
 .text.lpm_drop
                0x0000000000003234      0x244 contiki-srf06-cc26xx.a(lpm.o)
                0x0000000000003234                lpm_drop
 .text.lpm_register_module
                0x0000000000003478        0xc contiki-srf06-cc26xx.a(lpm.o)
                0x0000000000003478                lpm_register_module
 .text.lpm_unregister_module
                0x0000000000003484        0xc contiki-srf06-cc26xx.a(lpm.o)
                0x0000000000003484                lpm_unregister_module
 .text.lpm_init
                0x0000000000003490       0x20 contiki-srf06-cc26xx.a(lpm.o)
                0x0000000000003490                lpm_init
 .text.lpm_pin_set_default_state
                0x00000000000034b0       0x2c contiki-srf06-cc26xx.a(lpm.o)
                0x00000000000034b0                lpm_pin_set_default_state
 .text.gpio_interrupt_register_handler
                0x00000000000034dc       0x2c contiki-srf06-cc26xx.a(gpio-interrupt.)
                0x00000000000034dc                gpio_interrupt_register_handler
 .text.gpio_interrupt_init
                0x0000000000003508       0x24 contiki-srf06-cc26xx.a(gpio-interrupt.)
                0x0000000000003508                gpio_interrupt_init
 .text.GPIOIntHandler
                0x000000000000352c       0x30 contiki-srf06-cc26xx.a(gpio-interrupt.)
                0x000000000000352c                GPIOIntHandler
 .text.oscillators_select_lf_xosc
                0x000000000000355c       0x5c contiki-srf06-cc26xx.a(oscillators.o)
                0x000000000000355c                oscillators_select_lf_xosc
 .text.oscillators_select_lf_rcosc
                0x00000000000035b8       0x48 contiki-srf06-cc26xx.a(oscillators.o)
                0x00000000000035b8                oscillators_select_lf_rcosc
 .text.oscillators_request_hf_xosc
                0x0000000000003600       0x30 contiki-srf06-cc26xx.a(oscillators.o)
                0x0000000000003600                oscillators_request_hf_xosc
 .text.oscillators_switch_to_hf_xosc
                0x0000000000003630       0x34 contiki-srf06-cc26xx.a(oscillators.o)
                0x0000000000003630                oscillators_switch_to_hf_xosc
 .text.oscillators_switch_to_hf_rc
                0x0000000000003664       0x44 contiki-srf06-cc26xx.a(oscillators.o)
                0x0000000000003664                oscillators_switch_to_hf_rc
 .text.rx_on    0x00000000000036a8       0x68 contiki-srf06-cc26xx.a(ieee-mode.o)
 .text.rf_radio_setup
                0x0000000000003710       0x5c contiki-srf06-cc26xx.a(ieee-mode.o)
 .text.soft_on  0x000000000000376c       0x18 contiki-srf06-cc26xx.a(ieee-mode.o)
 .text.pending_packet
                0x0000000000003784       0x48 contiki-srf06-cc26xx.a(ieee-mode.o)
 .text.prepare  0x00000000000037cc       0x1c contiki-srf06-cc26xx.a(ieee-mode.o)
 .text.soft_off
                0x00000000000037e8       0x44 contiki-srf06-cc26xx.a(ieee-mode.o)
 .text.get_object
                0x000000000000382c       0x44 contiki-srf06-cc26xx.a(ieee-mode.o)
 .text.request  0x0000000000003870       0x20 contiki-srf06-cc26xx.a(ieee-mode.o)
 .text.transmitting.part.0
                0x0000000000003890       0x40 contiki-srf06-cc26xx.a(ieee-mode.o)
 .text.rx_off   0x00000000000038d0       0x78 contiki-srf06-cc26xx.a(ieee-mode.o)
 .text.set_object
                0x0000000000003948       0x60 contiki-srf06-cc26xx.a(ieee-mode.o)
 .text.get_cca_info
                0x00000000000039a8       0x50 contiki-srf06-cc26xx.a(ieee-mode.o)
 .text.check_rat_overflow
                0x00000000000039f8       0x88 contiki-srf06-cc26xx.a(ieee-mode.o)
 .text.receiving_packet
                0x0000000000003a80       0x3c contiki-srf06-cc26xx.a(ieee-mode.o)
 .text.off.part.0
                0x0000000000003abc       0x68 contiki-srf06-cc26xx.a(ieee-mode.o)
 .text.off      0x0000000000003b24       0x14 contiki-srf06-cc26xx.a(ieee-mode.o)
 .text.on       0x0000000000003b38       0xa4 contiki-srf06-cc26xx.a(ieee-mode.o)
 .text.set_value
                0x0000000000003bdc      0x16c contiki-srf06-cc26xx.a(ieee-mode.o)
 .text.get_value
                0x0000000000003d48      0x190 contiki-srf06-cc26xx.a(ieee-mode.o)
 .text.transmit
                0x0000000000003ed8      0x100 contiki-srf06-cc26xx.a(ieee-mode.o)
 .text.send     0x0000000000003fd8       0x24 contiki-srf06-cc26xx.a(ieee-mode.o)
 .text.channel_clear
                0x0000000000003ffc       0x80 contiki-srf06-cc26xx.a(ieee-mode.o)
 .text.read_frame
                0x000000000000407c      0x18c contiki-srf06-cc26xx.a(ieee-mode.o)
 .text.handle_rat_overflow
                0x0000000000004208       0x68 contiki-srf06-cc26xx.a(ieee-mode.o)
 .text.init     0x0000000000004270       0xfc contiki-srf06-cc26xx.a(ieee-mode.o)
 .text.random_rand
                0x000000000000436c        0xc contiki-srf06-cc26xx.a(random.o)
                0x000000000000436c                random_rand
 .text.random_init
                0x0000000000004378        0x4 contiki-srf06-cc26xx.a(random.o)
                0x0000000000004378                random_init
 .text.power_up
                0x000000000000437c       0x40 contiki-srf06-cc26xx.a(soc-trng.o)
 .text.request  0x00000000000043bc       0x14 contiki-srf06-cc26xx.a(soc-trng.o)
 .text.process_thread_soc_trng_process
                0x00000000000043d0       0x94 contiki-srf06-cc26xx.a(soc-trng.o)
 .text.accessible
                0x0000000000004464       0x24 contiki-srf06-cc26xx.a(soc-trng.o)
 .text.soc_trng_rand_synchronous
                0x0000000000004488       0xc4 contiki-srf06-cc26xx.a(soc-trng.o)
                0x0000000000004488                soc_trng_rand_synchronous
 .text.TRNGIntHandler
                0x000000000000454c       0x50 contiki-srf06-cc26xx.a(soc-trng.o)
                0x000000000000454c                TRNGIntHandler
 .text.soc_trng_init
                0x000000000000459c       0x28 contiki-srf06-cc26xx.a(soc-trng.o)
                0x000000000000459c                soc_trng_init
 .text.write_str
                0x00000000000045c4       0x14 contiki-srf06-cc26xx.a(dbg-printf.o)
 .text.printf   0x00000000000045d8       0x24 contiki-srf06-cc26xx.a(dbg-printf.o)
                0x00000000000045d8                printf
 .text.fill_space.isra.0
                0x00000000000045fc       0x44 contiki-srf06-cc26xx.a(strformat.o)
 .text.format_str_v
                0x0000000000004640      0xaa4 contiki-srf06-cc26xx.a(strformat.o)
                0x0000000000004640                format_str_v
 .text.autostart_start
                0x00000000000050e4       0x18 contiki-srf06-cc26xx.a(autostart.o)
                0x00000000000050e4                autostart_start
 .text.process_thread_ctimer_process
                0x00000000000050fc       0x94 contiki-srf06-cc26xx.a(ctimer.o)
 .text.ctimer_init
                0x0000000000005190       0x28 contiki-srf06-cc26xx.a(ctimer.o)
                0x0000000000005190                ctimer_init
 .text.ctimer_set_with_process
                0x00000000000051b8       0x4c contiki-srf06-cc26xx.a(ctimer.o)
                0x00000000000051b8                ctimer_set_with_process
 .text.ctimer_set
                0x0000000000005204       0x18 contiki-srf06-cc26xx.a(ctimer.o)
                0x0000000000005204                ctimer_set
 .text.ctimer_reset
                0x000000000000521c       0x44 contiki-srf06-cc26xx.a(ctimer.o)
                0x000000000000521c                ctimer_reset
 .text.ctimer_restart
                0x0000000000005260       0x44 contiki-srf06-cc26xx.a(ctimer.o)
                0x0000000000005260                ctimer_restart
 .text.ctimer_stop
                0x00000000000052a4       0x34 contiki-srf06-cc26xx.a(ctimer.o)
                0x00000000000052a4                ctimer_stop
 .text.energest_init
                0x00000000000052d8        0x4 contiki-srf06-cc26xx.a(energest.o)
                0x00000000000052d8                energest_init
 .text.update_time.part.0
                0x00000000000052dc       0x3c contiki-srf06-cc26xx.a(etimer.o)
 .text.process_thread_etimer_process
                0x0000000000005318       0xd4 contiki-srf06-cc26xx.a(etimer.o)
 .text.add_timer
                0x00000000000053ec       0x54 contiki-srf06-cc26xx.a(etimer.o)
 .text.etimer_request_poll
                0x0000000000005440        0xc contiki-srf06-cc26xx.a(etimer.o)
                0x0000000000005440                etimer_request_poll
 .text.etimer_set
                0x000000000000544c       0x14 contiki-srf06-cc26xx.a(etimer.o)
                0x000000000000544c                etimer_set
 .text.etimer_reset
                0x0000000000005460       0x14 contiki-srf06-cc26xx.a(etimer.o)
                0x0000000000005460                etimer_reset
 .text.etimer_restart
                0x0000000000005474       0x14 contiki-srf06-cc26xx.a(etimer.o)
                0x0000000000005474                etimer_restart
 .text.etimer_expired
                0x0000000000005488        0xc contiki-srf06-cc26xx.a(etimer.o)
                0x0000000000005488                etimer_expired
 .text.etimer_expiration_time
                0x0000000000005494        0x8 contiki-srf06-cc26xx.a(etimer.o)
                0x0000000000005494                etimer_expiration_time
 .text.etimer_pending
                0x000000000000549c       0x10 contiki-srf06-cc26xx.a(etimer.o)
                0x000000000000549c                etimer_pending
 .text.etimer_next_expiration_time
                0x00000000000054ac       0x14 contiki-srf06-cc26xx.a(etimer.o)
                0x00000000000054ac                etimer_next_expiration_time
 .text.etimer_stop
                0x00000000000054c0       0x54 contiki-srf06-cc26xx.a(etimer.o)
                0x00000000000054c0                etimer_stop
 .text.exit_process
                0x0000000000005514       0xa8 contiki-srf06-cc26xx.a(process.o)
 .text.call_process.part.0
                0x00000000000055bc       0x3c contiki-srf06-cc26xx.a(process.o)
 .text.do_poll  0x00000000000055f8       0x38 contiki-srf06-cc26xx.a(process.o)
 .text.process_alloc_event
                0x0000000000005630       0x10 contiki-srf06-cc26xx.a(process.o)
                0x0000000000005630                process_alloc_event
 .text.process_start
                0x0000000000005640       0x44 contiki-srf06-cc26xx.a(process.o)
                0x0000000000005640                process_start
 .text.process_init
                0x0000000000005684       0x34 contiki-srf06-cc26xx.a(process.o)
                0x0000000000005684                process_init
 .text.process_run
                0x00000000000056b8       0xa4 contiki-srf06-cc26xx.a(process.o)
                0x00000000000056b8                process_run
 .text.process_nevents
                0x000000000000575c       0x14 contiki-srf06-cc26xx.a(process.o)
                0x000000000000575c                process_nevents
 .text.process_post
                0x0000000000005770       0x44 contiki-srf06-cc26xx.a(process.o)
                0x0000000000005770                process_post
 .text.process_post_synch
                0x00000000000057b4       0x18 contiki-srf06-cc26xx.a(process.o)
                0x00000000000057b4                process_post_synch
 .text.process_poll
                0x00000000000057cc       0x1c contiki-srf06-cc26xx.a(process.o)
                0x00000000000057cc                process_poll
 .text.rtimer_init
                0x00000000000057e8        0x4 contiki-srf06-cc26xx.a(rtimer.o)
                0x00000000000057e8                rtimer_init
 .text.rtimer_set
                0x00000000000057ec       0x28 contiki-srf06-cc26xx.a(rtimer.o)
                0x00000000000057ec                rtimer_set
 .text.rtimer_run_next
                0x0000000000005814       0x28 contiki-srf06-cc26xx.a(rtimer.o)
                0x0000000000005814                rtimer_run_next
 .text.timer_set
                0x000000000000583c       0x10 contiki-srf06-cc26xx.a(timer.o)
                0x000000000000583c                timer_set
 .text.timer_reset
                0x000000000000584c        0xc contiki-srf06-cc26xx.a(timer.o)
                0x000000000000584c                timer_reset
 .text.timer_restart
                0x0000000000005858        0xc contiki-srf06-cc26xx.a(timer.o)
                0x0000000000005858                timer_restart
 .text.timer_expired
                0x0000000000005864       0x1c contiki-srf06-cc26xx.a(timer.o)
                0x0000000000005864                timer_expired
 .text.process_thread_serial_line_process
                0x0000000000005880       0xa4 contiki-srf06-cc26xx.a(serial-line.o)
 .text.serial_line_init
                0x0000000000005924       0x24 contiki-srf06-cc26xx.a(serial-line.o)
                0x0000000000005924                serial_line_init
 .text.list_init
                0x0000000000005948        0x8 contiki-srf06-cc26xx.a(list.o)
                0x0000000000005948                list_init
 .text.list_head
                0x0000000000005950        0x4 contiki-srf06-cc26xx.a(list.o)
                0x0000000000005950                list_head
 .text.list_add
                0x0000000000005954       0x5c contiki-srf06-cc26xx.a(list.o)
                0x0000000000005954                list_add
 .text.list_push
                0x00000000000059b0       0x3c contiki-srf06-cc26xx.a(list.o)
                0x00000000000059b0                list_push
 .text.list_remove
                0x00000000000059ec       0x30 contiki-srf06-cc26xx.a(list.o)
                0x00000000000059ec                list_remove
 .text.list_length
                0x0000000000005a1c       0x14 contiki-srf06-cc26xx.a(list.o)
                0x0000000000005a1c                list_length
 .text.list_item_next
                0x0000000000005a30        0x8 contiki-srf06-cc26xx.a(list.o)
                0x0000000000005a30                list_item_next
 .text.ringbuf_init
                0x0000000000005a38       0x10 contiki-srf06-cc26xx.a(ringbuf.o)
                0x0000000000005a38                ringbuf_init
 .text.ringbuf_get
                0x0000000000005a48       0x24 contiki-srf06-cc26xx.a(ringbuf.o)
                0x0000000000005a48                ringbuf_get
 .text.chksum   0x0000000000005a6c       0x60 contiki-srf06-cc26xx.a(uip6.o)
 .text.upper_layer_chksum
                0x0000000000005acc       0x58 contiki-srf06-cc26xx.a(uip6.o)
 .text.ext_hdr_options_process
                0x0000000000005b24       0xd8 contiki-srf06-cc26xx.a(uip6.o)
 .text.uip_add32
                0x0000000000005bfc       0x58 contiki-srf06-cc26xx.a(uip6.o)
                0x0000000000005bfc                uip_add32
 .text.uip_add_rcv_nxt
                0x0000000000005c54       0x2c contiki-srf06-cc26xx.a(uip6.o)
 .text.uip_icmp6chksum
                0x0000000000005c80        0x8 contiki-srf06-cc26xx.a(uip6.o)
                0x0000000000005c80                uip_icmp6chksum
 .text.uip_init
                0x0000000000005c88       0x5c contiki-srf06-cc26xx.a(uip6.o)
                0x0000000000005c88                uip_init
 .text.remove_ext_hdr
                0x0000000000005ce4       0x54 contiki-srf06-cc26xx.a(uip6.o)
                0x0000000000005ce4                remove_ext_hdr
 .text.uip_unlisten
                0x0000000000005d38       0x28 contiki-srf06-cc26xx.a(uip6.o)
                0x0000000000005d38                uip_unlisten
 .text.uip_process
                0x0000000000005d60      0xeb8 contiki-srf06-cc26xx.a(uip6.o)
                0x0000000000005d60                uip_process
 .text.uip_htonl
                0x0000000000006c18       0x1c contiki-srf06-cc26xx.a(uip6.o)
                0x0000000000006c18                uip_htonl
 .text.ns_input
                0x0000000000006c34      0x264 contiki-srf06-cc26xx.a(uip-nd6.o)
 .text.uip_nd6_init
                0x0000000000006e98        0xc contiki-srf06-cc26xx.a(uip-nd6.o)
                0x0000000000006e98                uip_nd6_init
 .text.sicslowpan_init
                0x0000000000006ea4       0x1c contiki-srf06-cc26xx.a(sicslowpan.o)
                0x0000000000006ea4                sicslowpan_init
 .text.compress_addr_64
                0x0000000000006ec0       0xa0 contiki-srf06-cc26xx.a(sicslowpan.o)
 .text.set_packet_attrs
                0x0000000000006f60       0x50 contiki-srf06-cc26xx.a(sicslowpan.o)
 .text.addr_context_lookup_by_prefix
                0x0000000000006fb0       0x40 contiki-srf06-cc26xx.a(sicslowpan.o)
 .text.send_packet
                0x0000000000006ff0       0x24 contiki-srf06-cc26xx.a(sicslowpan.o)
 .text.packet_sent
                0x0000000000007014       0x28 contiki-srf06-cc26xx.a(sicslowpan.o)
 .text.store_fragment
                0x000000000000703c       0x6c contiki-srf06-cc26xx.a(sicslowpan.o)
 .text.add_fragment
                0x00000000000070a8      0x1b8 contiki-srf06-cc26xx.a(sicslowpan.o)
 .text.uncompress_addr
                0x0000000000007260       0xb8 contiki-srf06-cc26xx.a(sicslowpan.o)
 .text.input    0x0000000000007318      0x638 contiki-srf06-cc26xx.a(sicslowpan.o)
 .text.output   0x0000000000007950      0x6fc contiki-srf06-cc26xx.a(sicslowpan.o)
 .text.start_periodic_tcp_timer
                0x000000000000804c       0x1c contiki-srf06-cc26xx.a(tcpip.o)
 .text.tcpip_set_outputfunc
                0x0000000000008068        0xc contiki-srf06-cc26xx.a(tcpip.o)
                0x0000000000008068                tcpip_set_outputfunc
 .text.tcpip_icmp6_call
                0x0000000000008074       0x28 contiki-srf06-cc26xx.a(tcpip.o)
                0x0000000000008074                tcpip_icmp6_call
 .text.tcpip_input
                0x000000000000809c       0x24 contiki-srf06-cc26xx.a(tcpip.o)
                0x000000000000809c                tcpip_input
 .text.tcpip_ipv6_output
                0x00000000000080c0       0xbc contiki-srf06-cc26xx.a(tcpip.o)
                0x00000000000080c0                tcpip_ipv6_output
 .text.process_thread_tcpip_process
                0x000000000000817c      0x1c4 contiki-srf06-cc26xx.a(tcpip.o)
 .text.tcpip_uipcall
                0x0000000000008340       0x70 contiki-srf06-cc26xx.a(tcpip.o)
                0x0000000000008340                tcpip_uipcall
 .text.rpl_set_preferred_parent
                0x00000000000083b0       0x28 contiki-srf06-cc26xx.a(rpl-dag.o)
 .text.set_ip_from_prefix
                0x00000000000083d8       0x28 contiki-srf06-cc26xx.a(rpl-dag.o)
 .text.check_prefix
                0x0000000000008400       0x7c contiki-srf06-cc26xx.a(rpl-dag.o)
 .text.find_parent_any_dag_any_instance
                0x000000000000847c       0x1c contiki-srf06-cc26xx.a(rpl-dag.o)
 .text.lollipop_greater_than
                0x0000000000008498       0x3c contiki-srf06-cc26xx.a(rpl-dag.o)
 .text.rpl_dag_init
                0x00000000000084d4       0x14 contiki-srf06-cc26xx.a(rpl-dag.o)
                0x00000000000084d4                rpl_dag_init
 .text.rpl_get_parent
                0x00000000000084e8       0x10 contiki-srf06-cc26xx.a(rpl-dag.o)
                0x00000000000084e8                rpl_get_parent
 .text.rpl_rank_via_parent
                0x00000000000084f8       0x1c contiki-srf06-cc26xx.a(rpl-dag.o)
                0x00000000000084f8                rpl_rank_via_parent
 .text.rpl_get_parent_ipaddr
                0x0000000000008514       0x18 contiki-srf06-cc26xx.a(rpl-dag.o)
                0x0000000000008514                rpl_get_parent_ipaddr
 .text.rpl_get_parent_link_stats
                0x000000000000852c       0x18 contiki-srf06-cc26xx.a(rpl-dag.o)
                0x000000000000852c                rpl_get_parent_link_stats
 .text.best_parent
                0x0000000000008544       0x94 contiki-srf06-cc26xx.a(rpl-dag.o)
 .text.rpl_parent_is_fresh
                0x00000000000085d8       0x10 contiki-srf06-cc26xx.a(rpl-dag.o)
                0x00000000000085d8                rpl_parent_is_fresh
 .text.rpl_parent_is_reachable
                0x00000000000085e8       0x38 contiki-srf06-cc26xx.a(rpl-dag.o)
                0x00000000000085e8                rpl_parent_is_reachable
 .text.rpl_repair_root
                0x0000000000008620       0x64 contiki-srf06-cc26xx.a(rpl-dag.o)
                0x0000000000008620                rpl_repair_root
 .text.rpl_set_prefix
                0x0000000000008684       0x9c contiki-srf06-cc26xx.a(rpl-dag.o)
                0x0000000000008684                rpl_set_prefix
 .text.rpl_set_default_route
                0x0000000000008720       0x30 contiki-srf06-cc26xx.a(rpl-dag.o)
                0x0000000000008720                rpl_set_default_route
 .text.rpl_alloc_instance
                0x0000000000008750       0x38 contiki-srf06-cc26xx.a(rpl-dag.o)
                0x0000000000008750                rpl_alloc_instance
 .text.rpl_alloc_dag
                0x0000000000008788       0x58 contiki-srf06-cc26xx.a(rpl-dag.o)
                0x0000000000008788                rpl_alloc_dag
 .text.rpl_add_parent
                0x00000000000087e0       0x30 contiki-srf06-cc26xx.a(rpl-dag.o)
                0x00000000000087e0                rpl_add_parent
 .text.rpl_find_parent
                0x0000000000008810       0x18 contiki-srf06-cc26xx.a(rpl-dag.o)
                0x0000000000008810                rpl_find_parent
 .text.rpl_find_parent_any_dag
                0x0000000000008828       0x20 contiki-srf06-cc26xx.a(rpl-dag.o)
                0x0000000000008828                rpl_find_parent_any_dag
 .text.rpl_select_parent
                0x0000000000008848       0x58 contiki-srf06-cc26xx.a(rpl-dag.o)
                0x0000000000008848                rpl_select_parent
 .text.rpl_select_dag
                0x00000000000088a0      0x170 contiki-srf06-cc26xx.a(rpl-dag.o)
                0x00000000000088a0                rpl_select_dag
 .text.rpl_nullify_parent
                0x0000000000008a10       0x5c contiki-srf06-cc26xx.a(rpl-dag.o)
                0x0000000000008a10                rpl_nullify_parent
 .text.nbr_callback
                0x0000000000008a6c       0x1c contiki-srf06-cc26xx.a(rpl-dag.o)
 .text.remove_parents.constprop.0
                0x0000000000008a88       0x48 contiki-srf06-cc26xx.a(rpl-dag.o)
 .text.rpl_free_dag
                0x0000000000008ad0       0x48 contiki-srf06-cc26xx.a(rpl-dag.o)
                0x0000000000008ad0                rpl_free_dag
 .text.rpl_move_parent
                0x0000000000008b18       0x5c contiki-srf06-cc26xx.a(rpl-dag.o)
                0x0000000000008b18                rpl_move_parent
 .text.rpl_get_dag
                0x0000000000008b74       0x54 contiki-srf06-cc26xx.a(rpl-dag.o)
                0x0000000000008b74                rpl_get_dag
 .text.rpl_get_any_dag
                0x0000000000008bc8       0x18 contiki-srf06-cc26xx.a(rpl-dag.o)
                0x0000000000008bc8                rpl_get_any_dag
 .text.rpl_get_instance
                0x0000000000008be0       0x1c contiki-srf06-cc26xx.a(rpl-dag.o)
                0x0000000000008be0                rpl_get_instance
 .text.rpl_join_instance
                0x0000000000008bfc      0x158 contiki-srf06-cc26xx.a(rpl-dag.o)
                0x0000000000008bfc                rpl_join_instance
 .text.rpl_local_repair
                0x0000000000008d54       0x8c contiki-srf06-cc26xx.a(rpl-dag.o)
                0x0000000000008d54                rpl_local_repair
 .text.rpl_process_parent_event
                0x0000000000008de0       0x9c contiki-srf06-cc26xx.a(rpl-dag.o)
                0x0000000000008de0                rpl_process_parent_event
 .text.rpl_add_dag
                0x0000000000008e7c      0x150 contiki-srf06-cc26xx.a(rpl-dag.o)
                0x0000000000008e7c                rpl_add_dag
 .text.rpl_recalculate_ranks
                0x0000000000008fcc       0x54 contiki-srf06-cc26xx.a(rpl-dag.o)
                0x0000000000008fcc                rpl_recalculate_ranks
 .text.rpl_process_dio
                0x0000000000009020      0x320 contiki-srf06-cc26xx.a(rpl-dag.o)
                0x0000000000009020                rpl_process_dio
 .text.new_dio_interval
                0x0000000000009340       0x60 contiki-srf06-cc26xx.a(rpl-timers.o)
 .text.handle_periodic_timer
                0x00000000000093a0       0x58 contiki-srf06-cc26xx.a(rpl-timers.o)
 .text.set_dao_lifetime_timer
                0x00000000000093f8       0x48 contiki-srf06-cc26xx.a(rpl-timers.o)
 .text.handle_unicast_dio_timer
                0x0000000000009440       0x1c contiki-srf06-cc26xx.a(rpl-timers.o)
 .text.handle_dio_timer
                0x000000000000945c       0x8c contiki-srf06-cc26xx.a(rpl-timers.o)
 .text.schedule_dao
                0x00000000000094e8       0x54 contiki-srf06-cc26xx.a(rpl-timers.o)
 .text.handle_dao_timer
                0x000000000000953c       0x5c contiki-srf06-cc26xx.a(rpl-timers.o)
 .text.rpl_reset_periodic_timer
                0x0000000000009598       0x3c contiki-srf06-cc26xx.a(rpl-timers.o)
                0x0000000000009598                rpl_reset_periodic_timer
 .text.rpl_reset_dio_timer
                0x00000000000095d4       0x1c contiki-srf06-cc26xx.a(rpl-timers.o)
                0x00000000000095d4                rpl_reset_dio_timer
 .text.rpl_schedule_dao
                0x00000000000095f0        0x8 contiki-srf06-cc26xx.a(rpl-timers.o)
                0x00000000000095f0                rpl_schedule_dao
 .text.rpl_schedule_unicast_dio_immediately
                0x00000000000095f8       0x14 contiki-srf06-cc26xx.a(rpl-timers.o)
                0x00000000000095f8                rpl_schedule_unicast_dio_immediately
 .text.get_probing_delay
                0x000000000000960c       0x4c contiki-srf06-cc26xx.a(rpl-timers.o)
                0x000000000000960c                get_probing_delay
 .text.get_probing_target
                0x0000000000009658       0xe8 contiki-srf06-cc26xx.a(rpl-timers.o)
                0x0000000000009658                get_probing_target
 .text.rpl_schedule_probing
                0x0000000000009740       0x20 contiki-srf06-cc26xx.a(rpl-timers.o)
                0x0000000000009740                rpl_schedule_probing
 .text.handle_probing_timer
                0x0000000000009760       0x34 contiki-srf06-cc26xx.a(rpl-timers.o)
 .text.update_hbh_header
                0x0000000000009794       0xd0 contiki-srf06-cc26xx.a(rpl-ext-header.)
 .text.insert_hbh_header.isra.0
                0x0000000000009864       0xa4 contiki-srf06-cc26xx.a(rpl-ext-header.)
 .text.rpl_verify_hbh_header
                0x0000000000009908       0xec contiki-srf06-cc26xx.a(rpl-ext-header.)
                0x0000000000009908                rpl_verify_hbh_header
 .text.rpl_remove_header
                0x00000000000099f4       0x78 contiki-srf06-cc26xx.a(rpl-ext-header.)
                0x00000000000099f4                rpl_remove_header
 .text.rpl_update_header
                0x0000000000009a6c       0x74 contiki-srf06-cc26xx.a(rpl-ext-header.)
                0x0000000000009a6c                rpl_update_header
 .text.rpl_get_mode
                0x0000000000009ae0        0xc contiki-srf06-cc26xx.a(rpl.o)
                0x0000000000009ae0                rpl_get_mode
 .text.rpl_purge_routes
                0x0000000000009aec       0x80 contiki-srf06-cc26xx.a(rpl.o)
                0x0000000000009aec                rpl_purge_routes
 .text.rpl_remove_routes
                0x0000000000009b6c       0x24 contiki-srf06-cc26xx.a(rpl.o)
                0x0000000000009b6c                rpl_remove_routes
 .text.rpl_remove_routes_by_nexthop
                0x0000000000009b90       0x38 contiki-srf06-cc26xx.a(rpl.o)
                0x0000000000009b90                rpl_remove_routes_by_nexthop
 .text.rpl_add_route
                0x0000000000009bc8       0x38 contiki-srf06-cc26xx.a(rpl.o)
                0x0000000000009bc8                rpl_add_route
 .text.rpl_link_neighbor_callback
                0x0000000000009c00       0x48 contiki-srf06-cc26xx.a(rpl.o)
                0x0000000000009c00                rpl_link_neighbor_callback
 .text.rpl_ipv6_neighbor_callback
                0x0000000000009c48       0x30 contiki-srf06-cc26xx.a(rpl.o)
                0x0000000000009c48                rpl_ipv6_neighbor_callback
 .text.rpl_purge_dags
                0x0000000000009c78       0x5c contiki-srf06-cc26xx.a(rpl.o)
                0x0000000000009c78                rpl_purge_dags
 .text.rpl_init
                0x0000000000009cd4       0x34 contiki-srf06-cc26xx.a(rpl.o)
                0x0000000000009cd4                rpl_init
 .text.reset    0x0000000000009d08        0x4 contiki-srf06-cc26xx.a(rpl-mrhof.o)
 .text.update_metric_container
                0x0000000000009d0c        0x8 contiki-srf06-cc26xx.a(rpl-mrhof.o)
 .text.parent_link_metric
                0x0000000000009d14       0x14 contiki-srf06-cc26xx.a(rpl-mrhof.o)
 .text.parent_has_usable_link
                0x0000000000009d28       0x18 contiki-srf06-cc26xx.a(rpl-mrhof.o)
 .text.best_dag
                0x0000000000009d40       0x30 contiki-srf06-cc26xx.a(rpl-mrhof.o)
 .text.parent_path_cost
                0x0000000000009d70       0x44 contiki-srf06-cc26xx.a(rpl-mrhof.o)
 .text.rank_via_parent
                0x0000000000009db4       0x3c contiki-srf06-cc26xx.a(rpl-mrhof.o)
 .text.parent_is_acceptable
                0x0000000000009df0       0x34 contiki-srf06-cc26xx.a(rpl-mrhof.o)
 .text.best_parent
                0x0000000000009e24       0x6c contiki-srf06-cc26xx.a(rpl-mrhof.o)
 .text.TrimAfterColdResetWakeupFromShutDown
                0x0000000000009e90       0xec contiki-srf06-cc26xx.a(setup.o)
 .text.NOROM_SetupTrimDevice
                0x0000000000009f7c       0xa0 contiki-srf06-cc26xx.a(setup.o)
                0x0000000000009f7c                NOROM_SetupTrimDevice
 .text.SafeHapiVoid
                0x000000000000a01c       0x28 contiki-srf06-cc26xx.a(adi.o)
                0x000000000000a01c                SafeHapiVoid
 .text.NOROM_DDI32RegWrite
                0x000000000000a044       0x2c contiki-srf06-cc26xx.a(ddi.o)
                0x000000000000a044                NOROM_DDI32RegWrite
 .text.NOROM_DDI16BitfieldWrite
                0x000000000000a070       0x48 contiki-srf06-cc26xx.a(ddi.o)
                0x000000000000a070                NOROM_DDI16BitfieldWrite
 .text.NOROM_DDI16BitfieldRead
                0x000000000000a0b8       0x48 contiki-srf06-cc26xx.a(ddi.o)
                0x000000000000a0b8                NOROM_DDI16BitfieldRead
 .text.NOROM_SysCtrlSetRechargeBeforePowerDown
                0x000000000000a100      0x248 contiki-srf06-cc26xx.a(sys_ctrl.o)
                0x000000000000a100                NOROM_SysCtrlSetRechargeBeforePowerDown
 .text.NOROM_SysCtrlAdjustRechargeAfterPowerDown
                0x000000000000a348       0x64 contiki-srf06-cc26xx.a(sys_ctrl.o)
                0x000000000000a348                NOROM_SysCtrlAdjustRechargeAfterPowerDown
 .text.NOROM_SysCtrl_DCDC_VoltageConditionalControl
                0x000000000000a3ac       0x7c contiki-srf06-cc26xx.a(sys_ctrl.o)
                0x000000000000a3ac                NOROM_SysCtrl_DCDC_VoltageConditionalControl
 .text.NOROM_ChipInfo_GetSupportedProtocol_BV
                0x000000000000a428       0x10 contiki-srf06-cc26xx.a(chipinfo.o)
                0x000000000000a428                NOROM_ChipInfo_GetSupportedProtocol_BV
 .text.NOROM_ChipInfo_GetChipFamily
                0x000000000000a438       0x4c contiki-srf06-cc26xx.a(chipinfo.o)
                0x000000000000a438                NOROM_ChipInfo_GetChipFamily
 .text.NOROM_ChipInfo_GetChipType
                0x000000000000a484       0x50 contiki-srf06-cc26xx.a(chipinfo.o)
                0x000000000000a484                NOROM_ChipInfo_GetChipType
 .text.NOROM_ChipInfo_GetHwRevision
                0x000000000000a4d4       0x74 contiki-srf06-cc26xx.a(chipinfo.o)
                0x000000000000a4d4                NOROM_ChipInfo_GetHwRevision
 .text.NOROM_ThisCodeIsBuiltForCC26xxHwRev22AndLater_HaltIfViolated
                0x000000000000a548       0x14 contiki-srf06-cc26xx.a(chipinfo.o)
                0x000000000000a548                NOROM_ThisCodeIsBuiltForCC26xxHwRev22AndLater_HaltIfViolated
 .text.NOROM_PowerCtrlSourceSet
                0x000000000000a55c       0x30 contiki-srf06-cc26xx.a(pwr_ctrl.o)
                0x000000000000a55c                NOROM_PowerCtrlSourceSet
 .text.NOROM_CPUcpsid
                0x000000000000a58c        0x8 contiki-srf06-cc26xx.a(cpu.o)
                0x000000000000a58c                NOROM_CPUcpsid
 .text.NOROM_CPUcpsie
                0x000000000000a594        0x8 contiki-srf06-cc26xx.a(cpu.o)
                0x000000000000a594                NOROM_CPUcpsie
 .text.NOROM_CPUdelay
                0x000000000000a59c        0x8 contiki-srf06-cc26xx.a(cpu.o)
                0x000000000000a59c                NOROM_CPUdelay
 .text.NOROM_OSCClockSourceSet
                0x000000000000a5a4       0x58 contiki-srf06-cc26xx.a(osc.o)
                0x000000000000a5a4                NOROM_OSCClockSourceSet
 .text.NOROM_OSCClockSourceGet
                0x000000000000a5fc       0x20 contiki-srf06-cc26xx.a(osc.o)
                0x000000000000a5fc                NOROM_OSCClockSourceGet
 .text.NOROM_TRNGConfigure
                0x000000000000a61c       0x3c contiki-srf06-cc26xx.a(trng.o)
                0x000000000000a61c                NOROM_TRNGConfigure
 .text.NOROM_AONRTCCurrentCompareValueGet
                0x000000000000a658       0x24 contiki-srf06-cc26xx.a(aon_rtc.o)
                0x000000000000a658                NOROM_AONRTCCurrentCompareValueGet
 .text.queuebuf_init
                0x000000000000a67c       0x1c contiki-srf06-cc26xx.a(queuebuf.o)
                0x000000000000a67c                queuebuf_init
 .text.queuebuf_numfree
                0x000000000000a698        0xc contiki-srf06-cc26xx.a(queuebuf.o)
                0x000000000000a698                queuebuf_numfree
 .text.queuebuf_new_from_packetbuf
                0x000000000000a6a4       0x44 contiki-srf06-cc26xx.a(queuebuf.o)
                0x000000000000a6a4                queuebuf_new_from_packetbuf
 .text.queuebuf_update_attr_from_packetbuf
                0x000000000000a6e8        0xc contiki-srf06-cc26xx.a(queuebuf.o)
                0x000000000000a6e8                queuebuf_update_attr_from_packetbuf
 .text.queuebuf_update_from_packetbuf
                0x000000000000a6f4       0x1c contiki-srf06-cc26xx.a(queuebuf.o)
                0x000000000000a6f4                queuebuf_update_from_packetbuf
 .text.queuebuf_free
                0x000000000000a710       0x2c contiki-srf06-cc26xx.a(queuebuf.o)
                0x000000000000a710                queuebuf_free
 .text.queuebuf_to_packetbuf
                0x000000000000a73c       0x30 contiki-srf06-cc26xx.a(queuebuf.o)
                0x000000000000a73c                queuebuf_to_packetbuf
 .text.queuebuf_attr
                0x000000000000a76c        0xc contiki-srf06-cc26xx.a(queuebuf.o)
                0x000000000000a76c                queuebuf_attr
 .text.index_from_lladdr
                0x000000000000a778       0x54 contiki-srf06-cc26xx.a(nbr-table.o)
 .text.remove_key
                0x000000000000a7cc       0x90 contiki-srf06-cc26xx.a(nbr-table.o)
 .text.nbr_table_register
                0x000000000000a85c       0x2c contiki-srf06-cc26xx.a(nbr-table.o)
                0x000000000000a85c                nbr_table_register
 .text.nbr_table_next
                0x000000000000a888       0x70 contiki-srf06-cc26xx.a(nbr-table.o)
                0x000000000000a888                nbr_table_next
 .text.nbr_table_head
                0x000000000000a8f8       0x5c contiki-srf06-cc26xx.a(nbr-table.o)
                0x000000000000a8f8                nbr_table_head
 .text.nbr_table_add_lladdr
                0x000000000000a954      0x158 contiki-srf06-cc26xx.a(nbr-table.o)
                0x000000000000a954                nbr_table_add_lladdr
 .text.nbr_table_get_from_lladdr
                0x000000000000aaac       0x38 contiki-srf06-cc26xx.a(nbr-table.o)
                0x000000000000aaac                nbr_table_get_from_lladdr
 .text.nbr_table_remove
                0x000000000000aae4       0x5c contiki-srf06-cc26xx.a(nbr-table.o)
                0x000000000000aae4                nbr_table_remove
 .text.nbr_table_lock
                0x000000000000ab40       0x34 contiki-srf06-cc26xx.a(nbr-table.o)
                0x000000000000ab40                nbr_table_lock
 .text.nbr_table_unlock
                0x000000000000ab74       0x38 contiki-srf06-cc26xx.a(nbr-table.o)
                0x000000000000ab74                nbr_table_unlock
 .text.nbr_table_get_lladdr
                0x000000000000abac       0x2c contiki-srf06-cc26xx.a(nbr-table.o)
                0x000000000000abac                nbr_table_get_lladdr
 .text.nbr_table_update_lladdr
                0x000000000000abd8       0x58 contiki-srf06-cc26xx.a(nbr-table.o)
                0x000000000000abd8                nbr_table_update_lladdr
 .text.packetbuf_copyto
                0x000000000000ac30       0x54 contiki-srf06-cc26xx.a(packetbuf.o)
                0x000000000000ac30                packetbuf_copyto
 .text.packetbuf_hdralloc
                0x000000000000ac84       0x60 contiki-srf06-cc26xx.a(packetbuf.o)
                0x000000000000ac84                packetbuf_hdralloc
 .text.packetbuf_hdrreduce
                0x000000000000ace4       0x2c contiki-srf06-cc26xx.a(packetbuf.o)
                0x000000000000ace4                packetbuf_hdrreduce
 .text.packetbuf_set_datalen
                0x000000000000ad10        0xc contiki-srf06-cc26xx.a(packetbuf.o)
                0x000000000000ad10                packetbuf_set_datalen
 .text.packetbuf_dataptr
                0x000000000000ad1c       0x20 contiki-srf06-cc26xx.a(packetbuf.o)
                0x000000000000ad1c                packetbuf_dataptr
 .text.packetbuf_hdrptr
                0x000000000000ad3c        0x8 contiki-srf06-cc26xx.a(packetbuf.o)
                0x000000000000ad3c                packetbuf_hdrptr
 .text.packetbuf_datalen
                0x000000000000ad44        0xc contiki-srf06-cc26xx.a(packetbuf.o)
                0x000000000000ad44                packetbuf_datalen
 .text.packetbuf_totlen
                0x000000000000ad50       0x24 contiki-srf06-cc26xx.a(packetbuf.o)
                0x000000000000ad50                packetbuf_totlen
 .text.packetbuf_attr_clear
                0x000000000000ad74       0x34 contiki-srf06-cc26xx.a(packetbuf.o)
                0x000000000000ad74                packetbuf_attr_clear
 .text.packetbuf_clear
                0x000000000000ada8       0x20 contiki-srf06-cc26xx.a(packetbuf.o)
                0x000000000000ada8                packetbuf_clear
 .text.packetbuf_copyfrom
                0x000000000000adc8       0x40 contiki-srf06-cc26xx.a(packetbuf.o)
                0x000000000000adc8                packetbuf_copyfrom
 .text.packetbuf_attr_copyto
                0x000000000000ae08       0x44 contiki-srf06-cc26xx.a(packetbuf.o)
                0x000000000000ae08                packetbuf_attr_copyto
 .text.packetbuf_attr_copyfrom
                0x000000000000ae4c       0x44 contiki-srf06-cc26xx.a(packetbuf.o)
                0x000000000000ae4c                packetbuf_attr_copyfrom
 .text.packetbuf_set_attr
                0x000000000000ae90       0x10 contiki-srf06-cc26xx.a(packetbuf.o)
                0x000000000000ae90                packetbuf_set_attr
 .text.packetbuf_attr
                0x000000000000aea0        0xc contiki-srf06-cc26xx.a(packetbuf.o)
                0x000000000000aea0                packetbuf_attr
 .text.packetbuf_set_addr
                0x000000000000aeac       0x18 contiki-srf06-cc26xx.a(packetbuf.o)
                0x000000000000aeac                packetbuf_set_addr
 .text.packetbuf_addr
                0x000000000000aec4       0x10 contiki-srf06-cc26xx.a(packetbuf.o)
                0x000000000000aec4                packetbuf_addr
 .text.packetbuf_holds_broadcast
                0x000000000000aed4       0x10 contiki-srf06-cc26xx.a(packetbuf.o)
                0x000000000000aed4                packetbuf_holds_broadcast
 .text.netstack_init
                0x000000000000aee4       0x38 contiki-srf06-cc26xx.a(netstack.o)
                0x000000000000aee4                netstack_init
 .text.linkaddr_copy
                0x000000000000af1c        0xc contiki-srf06-cc26xx.a(linkaddr.o)
                0x000000000000af1c                linkaddr_copy
 .text.linkaddr_cmp
                0x000000000000af28       0x10 contiki-srf06-cc26xx.a(linkaddr.o)
                0x000000000000af28                linkaddr_cmp
 .text.periodic
                0x000000000000af38       0x30 contiki-srf06-cc26xx.a(link-stats.o)
 .text.link_stats_from_lladdr
                0x000000000000af68        0xc contiki-srf06-cc26xx.a(link-stats.o)
                0x000000000000af68                link_stats_from_lladdr
 .text.link_stats_is_fresh
                0x000000000000af74       0x28 contiki-srf06-cc26xx.a(link-stats.o)
                0x000000000000af74                link_stats_is_fresh
 .text.link_stats_packet_sent
                0x000000000000af9c       0xc8 contiki-srf06-cc26xx.a(link-stats.o)
                0x000000000000af9c                link_stats_packet_sent
 .text.link_stats_input_callback
                0x000000000000b064       0x5c contiki-srf06-cc26xx.a(link-stats.o)
                0x000000000000b064                link_stats_input_callback
 .text.link_stats_init
                0x000000000000b0c0       0x28 contiki-srf06-cc26xx.a(link-stats.o)
                0x000000000000b0c0                link_stats_init
 .text.parse    0x000000000000b0e8       0xa0 contiki-srf06-cc26xx.a(framer-802154.o)
 .text.create_frame.isra.0
                0x000000000000b188      0x148 contiki-srf06-cc26xx.a(framer-802154.o)
 .text.create   0x000000000000b2d0        0x8 contiki-srf06-cc26xx.a(framer-802154.o)
 .text.hdr_length
                0x000000000000b2d8        0x8 contiki-srf06-cc26xx.a(framer-802154.o)
 .text.input_packet
                0x000000000000b2e0        0xc contiki-srf06-cc26xx.a(csma.o)
 .text.on       0x000000000000b2ec        0xc contiki-srf06-cc26xx.a(csma.o)
 .text.off      0x000000000000b2f8        0xc contiki-srf06-cc26xx.a(csma.o)
 .text.channel_check_interval
                0x000000000000b304       0x10 contiki-srf06-cc26xx.a(csma.o)
 .text.schedule_transmission
                0x000000000000b314       0x50 contiki-srf06-cc26xx.a(csma.o)
 .text.send_packet
                0x000000000000b364      0x14c contiki-srf06-cc26xx.a(csma.o)
 .text.init     0x000000000000b4b0       0x24 contiki-srf06-cc26xx.a(csma.o)
 .text.transmit_packet_list
                0x000000000000b4d4       0x34 contiki-srf06-cc26xx.a(csma.o)
 .text.tx_done  0x000000000000b508       0x8c contiki-srf06-cc26xx.a(csma.o)
 .text.packet_sent
                0x000000000000b594       0xec contiki-srf06-cc26xx.a(csma.o)
 .text.frame802154_get_pan_id
                0x000000000000b680        0xc contiki-srf06-cc26xx.a(frame802154.o)
                0x000000000000b680                frame802154_get_pan_id
 .text.frame802154_has_panid
                0x000000000000b68c       0xdc contiki-srf06-cc26xx.a(frame802154.o)
                0x000000000000b68c                frame802154_has_panid
 .text.field_len
                0x000000000000b768       0x88 contiki-srf06-cc26xx.a(frame802154.o)
 .text.frame802154_is_broadcast_addr
                0x000000000000b7f0       0x24 contiki-srf06-cc26xx.a(frame802154.o)
                0x000000000000b7f0                frame802154_is_broadcast_addr
 .text.frame802154_hdrlen
                0x000000000000b814       0x34 contiki-srf06-cc26xx.a(frame802154.o)
                0x000000000000b814                frame802154_hdrlen
 .text.frame802154_create_fcf
                0x000000000000b848       0x64 contiki-srf06-cc26xx.a(frame802154.o)
                0x000000000000b848                frame802154_create_fcf
 .text.frame802154_create
                0x000000000000b8ac       0xa8 contiki-srf06-cc26xx.a(frame802154.o)
                0x000000000000b8ac                frame802154_create
 .text.frame802154_parse_fcf
                0x000000000000b954       0x44 contiki-srf06-cc26xx.a(frame802154.o)
                0x000000000000b954                frame802154_parse_fcf
 .text.frame802154_parse
                0x000000000000b998      0x134 contiki-srf06-cc26xx.a(frame802154.o)
                0x000000000000b998                frame802154_parse
 .text.mac_call_sent_callback
                0x000000000000bacc       0x14 contiki-srf06-cc26xx.a(mac.o)
                0x000000000000bacc                mac_call_sent_callback
 .text.duty_cycle
                0x000000000000bae0        0x4 contiki-srf06-cc26xx.a(contikimac.o)
 .text.init     0x000000000000bae4       0x40 contiki-srf06-cc26xx.a(contikimac.o)
 .text.on.part.0
                0x000000000000bb24       0x14 contiki-srf06-cc26xx.a(contikimac.o)
 .text.off      0x000000000000bb38       0x38 contiki-srf06-cc26xx.a(contikimac.o)
 .text.recv_burst_off
                0x000000000000bb70       0x14 contiki-srf06-cc26xx.a(contikimac.o)
 .text.powercycle_turn_radio_off.part.0
                0x000000000000bb84       0x10 contiki-srf06-cc26xx.a(contikimac.o)
 .text.turn_off
                0x000000000000bb94       0x48 contiki-srf06-cc26xx.a(contikimac.o)
 .text.turn_on  0x000000000000bbdc       0x44 contiki-srf06-cc26xx.a(contikimac.o)
 .text.schedule_powercycle_fixed.part.0
                0x000000000000bc20       0x30 contiki-srf06-cc26xx.a(contikimac.o)
 .text.input_packet
                0x000000000000bc50       0xc0 contiki-srf06-cc26xx.a(contikimac.o)
 .text.send_packet.isra.0
                0x000000000000bd10      0x260 contiki-srf06-cc26xx.a(contikimac.o)
 .text.qsend_packet
                0x000000000000bf70       0x24 contiki-srf06-cc26xx.a(contikimac.o)
 .text.qsend_list
                0x000000000000bf94       0xf4 contiki-srf06-cc26xx.a(contikimac.o)
 .text.powercycle_wrapper
                0x000000000000c088      0x284 contiki-srf06-cc26xx.a(contikimac.o)
 .text.init     0x000000000000c30c        0x4 contiki-srf06-cc26xx.a(nullsec.o)
 .text.input    0x000000000000c310        0xc contiki-srf06-cc26xx.a(nullsec.o)
 .text.send     0x000000000000c31c       0x20 contiki-srf06-cc26xx.a(nullsec.o)
 .text.sensor_common_read_reg
                0x000000000000c33c       0x1c contiki-srf06-cc26xx.a(sensor-common.o)
                0x000000000000c33c                sensor_common_read_reg
 .text.sensor_common_write_reg
                0x000000000000c358       0x38 contiki-srf06-cc26xx.a(sensor-common.o)
                0x000000000000c358                sensor_common_write_reg
 .text.sensor_common_set_error_data
                0x000000000000c390       0x18 contiki-srf06-cc26xx.a(sensor-common.o)
                0x000000000000c390                sensor_common_set_error_data
 .text.verify_part
                0x000000000000c3a8       0x80 contiki-srf06-cc26xx.a(ext-flash.o)
 .text.wait_ready
                0x000000000000c428       0x54 contiki-srf06-cc26xx.a(ext-flash.o)
 .text.power_down
                0x000000000000c47c       0x50 contiki-srf06-cc26xx.a(ext-flash.o)
 .text.ext_flash_open
                0x000000000000c4cc       0x68 contiki-srf06-cc26xx.a(ext-flash.o)
                0x000000000000c4cc                ext_flash_open
 .text.ext_flash_init
                0x000000000000c534       0x14 contiki-srf06-cc26xx.a(ext-flash.o)
                0x000000000000c534                ext_flash_init
 .text.buzzer_init
                0x000000000000c548        0xc contiki-srf06-cc26xx.a(buzzer.o)
                0x000000000000c548                buzzer_init
 .text.buzzer_stop
                0x000000000000c554       0x74 contiki-srf06-cc26xx.a(buzzer.o)
                0x000000000000c554                buzzer_stop
 .text.board_spi_write
                0x000000000000c5c8       0x60 contiki-srf06-cc26xx.a(board-spi.o)
                0x000000000000c5c8                board_spi_write
 .text.board_spi_read
                0x000000000000c628       0x64 contiki-srf06-cc26xx.a(board-spi.o)
                0x000000000000c628                board_spi_read
 .text.board_spi_flush
                0x000000000000c68c       0x3c contiki-srf06-cc26xx.a(board-spi.o)
                0x000000000000c68c                board_spi_flush
 .text.board_spi_open
                0x000000000000c6c8       0xbc contiki-srf06-cc26xx.a(board-spi.o)
                0x000000000000c6c8                board_spi_open
 .text.board_spi_close
                0x000000000000c784       0x70 contiki-srf06-cc26xx.a(board-spi.o)
                0x000000000000c784                board_spi_close
 .text.aux_ctrl_power_up
                0x000000000000c7f4       0x28 contiki-srf06-cc26xx.a(aux-ctrl.o)
                0x000000000000c7f4                aux_ctrl_power_up
 .text.aux_ctrl_register_consumer
                0x000000000000c81c       0x40 contiki-srf06-cc26xx.a(aux-ctrl.o)
                0x000000000000c81c                aux_ctrl_register_consumer
 .text.aux_ctrl_power_down
                0x000000000000c85c       0x6c contiki-srf06-cc26xx.a(aux-ctrl.o)
                0x000000000000c85c                aux_ctrl_power_down
 .text.aux_ctrl_unregister_consumer
                0x000000000000c8c8       0x28 contiki-srf06-cc26xx.a(aux-ctrl.o)
                0x000000000000c8c8                aux_ctrl_unregister_consumer
 .text.process_thread_rf_core_process
                0x000000000000c8f0       0x58 contiki-srf06-cc26xx.a(rf-core.o)
 .text.rf_core_is_accessible
                0x000000000000c948       0x10 contiki-srf06-cc26xx.a(rf-core.o)
                0x000000000000c948                rf_core_is_accessible
 .text.rf_core_send_cmd
                0x000000000000c958       0x94 contiki-srf06-cc26xx.a(rf-core.o)
                0x000000000000c958                rf_core_send_cmd
 .text.rf_core_wait_cmd_done
                0x000000000000c9ec       0x2c contiki-srf06-cc26xx.a(rf-core.o)
                0x000000000000c9ec                rf_core_wait_cmd_done
 .text.rf_core_power_up
                0x000000000000ca18       0xcc contiki-srf06-cc26xx.a(rf-core.o)
                0x000000000000ca18                rf_core_power_up
 .text.rf_core_start_rat
                0x000000000000cae4       0x68 contiki-srf06-cc26xx.a(rf-core.o)
                0x000000000000cae4                rf_core_start_rat
 .text.rf_core_stop_rat
                0x000000000000cb4c       0x7c contiki-srf06-cc26xx.a(rf-core.o)
                0x000000000000cb4c                rf_core_stop_rat
 .text.rf_core_power_down
                0x000000000000cbc8       0xf0 contiki-srf06-cc26xx.a(rf-core.o)
                0x000000000000cbc8                rf_core_power_down
 .text.rf_core_set_modesel
                0x000000000000ccb8       0x44 contiki-srf06-cc26xx.a(rf-core.o)
                0x000000000000ccb8                rf_core_set_modesel
 .text.rf_core_boot
                0x000000000000ccfc       0x1c contiki-srf06-cc26xx.a(rf-core.o)
                0x000000000000ccfc                rf_core_boot
 .text.rf_core_restart_rat
                0x000000000000cd18       0x18 contiki-srf06-cc26xx.a(rf-core.o)
                0x000000000000cd18                rf_core_restart_rat
 .text.rf_core_setup_interrupts
                0x000000000000cd30       0x70 contiki-srf06-cc26xx.a(rf-core.o)
                0x000000000000cd30                rf_core_setup_interrupts
 .text.rf_core_cmd_done_en
                0x000000000000cda0       0x28 contiki-srf06-cc26xx.a(rf-core.o)
                0x000000000000cda0                rf_core_cmd_done_en
 .text.rf_core_cmd_done_dis
                0x000000000000cdc8       0x18 contiki-srf06-cc26xx.a(rf-core.o)
                0x000000000000cdc8                rf_core_cmd_done_dis
 .text.rf_core_get_last_radio_op
                0x000000000000cde0        0xc contiki-srf06-cc26xx.a(rf-core.o)
                0x000000000000cde0                rf_core_get_last_radio_op
 .text.rf_core_init_radio_op
                0x000000000000cdec       0x1c contiki-srf06-cc26xx.a(rf-core.o)
                0x000000000000cdec                rf_core_init_radio_op
 .text.rf_core_primary_mode_register
                0x000000000000ce08        0xc contiki-srf06-cc26xx.a(rf-core.o)
                0x000000000000ce08                rf_core_primary_mode_register
 .text.RFCCPE1IntHandler
                0x000000000000ce14       0x28 contiki-srf06-cc26xx.a(rf-core.o)
                0x000000000000ce14                RFCCPE1IntHandler
 .text.RFCCPE0IntHandler
                0x000000000000ce3c       0x5c contiki-srf06-cc26xx.a(rf-core.o)
                0x000000000000ce3c                RFCCPE0IntHandler
 .text.rf_ble_is_active
                0x000000000000ce98        0xc contiki-srf06-cc26xx.a(rf-ble.o)
                0x000000000000ce98                rf_ble_is_active
 .text.memb_init
                0x000000000000cea4       0x24 contiki-srf06-cc26xx.a(memb.o)
                0x000000000000cea4                memb_init
 .text.memb_alloc
                0x000000000000cec8       0x38 contiki-srf06-cc26xx.a(memb.o)
                0x000000000000cec8                memb_alloc
 .text.memb_free
                0x000000000000cf00       0x3c contiki-srf06-cc26xx.a(memb.o)
                0x000000000000cf00                memb_free
 .text.memb_inmemb
                0x000000000000cf3c       0x1c contiki-srf06-cc26xx.a(memb.o)
                0x000000000000cf3c                memb_inmemb
 .text.memb_numfree
                0x000000000000cf58       0x20 contiki-srf06-cc26xx.a(memb.o)
                0x000000000000cf58                memb_numfree
 .text.echo_reply_input
                0x000000000000cf78       0xb0 contiki-srf06-cc26xx.a(uip-icmp6.o)
 .text.echo_request_input
                0x000000000000d028       0xb0 contiki-srf06-cc26xx.a(uip-icmp6.o)
 .text.uip_icmp6_input
                0x000000000000d0d8       0x3c contiki-srf06-cc26xx.a(uip-icmp6.o)
                0x000000000000d0d8                uip_icmp6_input
 .text.uip_icmp6_register_input_handler
                0x000000000000d114        0xc contiki-srf06-cc26xx.a(uip-icmp6.o)
                0x000000000000d114                uip_icmp6_register_input_handler
 .text.uip_icmp6_error_output
                0x000000000000d120      0x15c contiki-srf06-cc26xx.a(uip-icmp6.o)
                0x000000000000d120                uip_icmp6_error_output
 .text.uip_icmp6_send
                0x000000000000d27c       0x84 contiki-srf06-cc26xx.a(uip-icmp6.o)
                0x000000000000d27c                uip_icmp6_send
 .text.uip_icmp6_init
                0x000000000000d300       0x24 contiki-srf06-cc26xx.a(uip-icmp6.o)
                0x000000000000d300                uip_icmp6_init
 .text.uip_ds6_list_loop
                0x000000000000d324       0x64 contiki-srf06-cc26xx.a(uip-ds6.o)
                0x000000000000d324                uip_ds6_list_loop
 .text.uip_ds6_prefix_add
                0x000000000000d388       0x74 contiki-srf06-cc26xx.a(uip-ds6.o)
                0x000000000000d388                uip_ds6_prefix_add
 .text.uip_ds6_is_addr_onlink
                0x000000000000d3fc       0x40 contiki-srf06-cc26xx.a(uip-ds6.o)
                0x000000000000d3fc                uip_ds6_is_addr_onlink
 .text.uip_ds6_addr_lookup
                0x000000000000d43c       0x30 contiki-srf06-cc26xx.a(uip-ds6.o)
                0x000000000000d43c                uip_ds6_addr_lookup
 .text.uip_ds6_get_link_local
                0x000000000000d46c       0x54 contiki-srf06-cc26xx.a(uip-ds6.o)
                0x000000000000d46c                uip_ds6_get_link_local
 .text.uip_ds6_maddr_add
                0x000000000000d4c0       0x50 contiki-srf06-cc26xx.a(uip-ds6.o)
                0x000000000000d4c0                uip_ds6_maddr_add
 .text.uip_ds6_addr_add
                0x000000000000d510       0xa0 contiki-srf06-cc26xx.a(uip-ds6.o)
                0x000000000000d510                uip_ds6_addr_add
 .text.uip_ds6_maddr_lookup
                0x000000000000d5b0       0x30 contiki-srf06-cc26xx.a(uip-ds6.o)
                0x000000000000d5b0                uip_ds6_maddr_lookup
 .text.uip_ds6_addr_rm.part.0
                0x000000000000d5e0       0x3c contiki-srf06-cc26xx.a(uip-ds6.o)
 .text.uip_ds6_addr_rm
                0x000000000000d61c        0x8 contiki-srf06-cc26xx.a(uip-ds6.o)
                0x000000000000d61c                uip_ds6_addr_rm
 .text.uip_ds6_periodic
                0x000000000000d624       0x58 contiki-srf06-cc26xx.a(uip-ds6.o)
                0x000000000000d624                uip_ds6_periodic
 .text.uip_ds6_select_src
                0x000000000000d67c      0x10c contiki-srf06-cc26xx.a(uip-ds6.o)
                0x000000000000d67c                uip_ds6_select_src
 .text.uip_ds6_set_addr_iid
                0x000000000000d788       0x14 contiki-srf06-cc26xx.a(uip-ds6.o)
                0x000000000000d788                uip_ds6_set_addr_iid
 .text.uip_ds6_compute_reachable_time
                0x000000000000d79c       0x2c contiki-srf06-cc26xx.a(uip-ds6.o)
                0x000000000000d79c                uip_ds6_compute_reachable_time
 .text.uip_ds6_init
                0x000000000000d7c8       0xe0 contiki-srf06-cc26xx.a(uip-ds6.o)
                0x000000000000d7c8                uip_ds6_init
 .text.call_route_callback
                0x000000000000d8a8       0x54 contiki-srf06-cc26xx.a(uip-ds6-route.o)
 .text.uip_ds6_route_init
                0x000000000000d8fc       0x4c contiki-srf06-cc26xx.a(uip-ds6-route.o)
                0x000000000000d8fc                uip_ds6_route_init
 .text.uip_ds6_route_nexthop
                0x000000000000d948       0x1c contiki-srf06-cc26xx.a(uip-ds6-route.o)
                0x000000000000d948                uip_ds6_route_nexthop
 .text.uip_ds6_route_rm.part.0
                0x000000000000d964       0xa0 contiki-srf06-cc26xx.a(uip-ds6-route.o)
 .text.rm_routelist
                0x000000000000da04       0x38 contiki-srf06-cc26xx.a(uip-ds6-route.o)
 .text.rm_routelist_callback
                0x000000000000da3c        0x4 contiki-srf06-cc26xx.a(uip-ds6-route.o)
 .text.uip_ds6_route_head
                0x000000000000da40        0xc contiki-srf06-cc26xx.a(uip-ds6-route.o)
                0x000000000000da40                uip_ds6_route_head
 .text.uip_ds6_route_next
                0x000000000000da4c        0x8 contiki-srf06-cc26xx.a(uip-ds6-route.o)
                0x000000000000da4c                uip_ds6_route_next
 .text.uip_ds6_route_is_nexthop
                0x000000000000da54       0x20 contiki-srf06-cc26xx.a(uip-ds6-route.o)
                0x000000000000da54                uip_ds6_route_is_nexthop
 .text.uip_ds6_route_lookup
                0x000000000000da74       0x78 contiki-srf06-cc26xx.a(uip-ds6-route.o)
                0x000000000000da74                uip_ds6_route_lookup
 .text.uip_ds6_route_add
                0x000000000000daec      0x11c contiki-srf06-cc26xx.a(uip-ds6-route.o)
                0x000000000000daec                uip_ds6_route_add
 .text.uip_ds6_route_rm
                0x000000000000dc08        0xc contiki-srf06-cc26xx.a(uip-ds6-route.o)
                0x000000000000dc08                uip_ds6_route_rm
 .text.uip_ds6_defrt_rm
                0x000000000000dc14       0x48 contiki-srf06-cc26xx.a(uip-ds6-route.o)
                0x000000000000dc14                uip_ds6_defrt_rm
 .text.uip_ds6_defrt_lookup
                0x000000000000dc5c       0x38 contiki-srf06-cc26xx.a(uip-ds6-route.o)
                0x000000000000dc5c                uip_ds6_defrt_lookup
 .text.uip_ds6_defrt_add
                0x000000000000dc94       0x5c contiki-srf06-cc26xx.a(uip-ds6-route.o)
                0x000000000000dc94                uip_ds6_defrt_add
 .text.uip_ds6_defrt_choose
                0x000000000000dcf0       0x34 contiki-srf06-cc26xx.a(uip-ds6-route.o)
                0x000000000000dcf0                uip_ds6_defrt_choose
 .text.uip_ds6_defrt_periodic
                0x000000000000dd24       0x44 contiki-srf06-cc26xx.a(uip-ds6-route.o)
                0x000000000000dd24                uip_ds6_defrt_periodic
 .text.uip_ds6_nbr_rm
                0x000000000000dd68       0x20 contiki-srf06-cc26xx.a(uip-ds6-nbr.o)
                0x000000000000dd68                uip_ds6_nbr_rm
 .text.uip_ds6_neighbors_init
                0x000000000000dd88       0x1c contiki-srf06-cc26xx.a(uip-ds6-nbr.o)
                0x000000000000dd88                uip_ds6_neighbors_init
 .text.uip_ds6_nbr_add
                0x000000000000dda4       0x38 contiki-srf06-cc26xx.a(uip-ds6-nbr.o)
                0x000000000000dda4                uip_ds6_nbr_add
 .text.uip_ds6_nbr_get_ll
                0x000000000000dddc       0x10 contiki-srf06-cc26xx.a(uip-ds6-nbr.o)
                0x000000000000dddc                uip_ds6_nbr_get_ll
 .text.uip_ds6_nbr_lookup
                0x000000000000ddec       0x34 contiki-srf06-cc26xx.a(uip-ds6-nbr.o)
                0x000000000000ddec                uip_ds6_nbr_lookup
 .text.uip_ds6_nbr_ipaddr_from_lladdr
                0x000000000000de20       0x10 contiki-srf06-cc26xx.a(uip-ds6-nbr.o)
                0x000000000000de20                uip_ds6_nbr_ipaddr_from_lladdr
 .text.uip_ds6_nbr_lladdr_from_ipaddr
                0x000000000000de30       0x1c contiki-srf06-cc26xx.a(uip-ds6-nbr.o)
                0x000000000000de30                uip_ds6_nbr_lladdr_from_ipaddr
 .text.uip_ds6_link_neighbor_callback
                0x000000000000de4c       0x34 contiki-srf06-cc26xx.a(uip-ds6-nbr.o)
                0x000000000000de4c                uip_ds6_link_neighbor_callback
 .text.uip_debug_ipaddr_print
                0x000000000000de80       0xc4 contiki-srf06-cc26xx.a(uip-debug.o)
                0x000000000000de80                uip_debug_ipaddr_print
 .text.dao_ack_input
                0x000000000000df44       0x14 contiki-srf06-cc26xx.a(rpl-icmp6.o)
 .text.dao_output_target_seq
                0x000000000000df58      0x11c contiki-srf06-cc26xx.a(rpl-icmp6.o)
 .text.dio_input
                0x000000000000e074      0x248 contiki-srf06-cc26xx.a(rpl-icmp6.o)
 .text.rpl_icmp6_update_nbr_table
                0x000000000000e2bc       0x38 contiki-srf06-cc26xx.a(rpl-icmp6.o)
                0x000000000000e2bc                rpl_icmp6_update_nbr_table
 .text.dao_input
                0x000000000000e2f4      0x2d0 contiki-srf06-cc26xx.a(rpl-icmp6.o)
 .text.dis_output
                0x000000000000e5c4       0x40 contiki-srf06-cc26xx.a(rpl-icmp6.o)
                0x000000000000e5c4                dis_output
 .text.dio_output
                0x000000000000e604      0x290 contiki-srf06-cc26xx.a(rpl-icmp6.o)
                0x000000000000e604                dio_output
 .text.dis_input
                0x000000000000e894       0x54 contiki-srf06-cc26xx.a(rpl-icmp6.o)
 .text.dao_output
                0x000000000000e8e8       0x90 contiki-srf06-cc26xx.a(rpl-icmp6.o)
                0x000000000000e8e8                dao_output
 .text.dao_output_target
                0x000000000000e978        0xc contiki-srf06-cc26xx.a(rpl-icmp6.o)
                0x000000000000e978                dao_output_target
 .text.rpl_icmp6_register_handlers
                0x000000000000e984       0x30 contiki-srf06-cc26xx.a(rpl-icmp6.o)
                0x000000000000e984                rpl_icmp6_register_handlers
 .text.update_nbr
                0x000000000000e9b4      0x110 contiki-srf06-cc26xx.a(rpl-nbr-policy.)
 .text.handle_periodic_timer
                0x000000000000eac4       0x14 contiki-srf06-cc26xx.a(rpl-nbr-policy.)
 .text.find_removable_dio
                0x000000000000ead8       0x3c contiki-srf06-cc26xx.a(rpl-nbr-policy.)
                0x000000000000ead8                find_removable_dio
 .text.rpl_nbr_policy_find_removable
                0x000000000000eb14       0x64 contiki-srf06-cc26xx.a(rpl-nbr-policy.)
                0x000000000000eb14                rpl_nbr_policy_find_removable
 .text.NOROM_SetupGetTrimForXoscHfCtl.part.0
                0x000000000000eb78       0x20 contiki-srf06-cc26xx.a(setup_rom.o)
 .text.NOROM_SetupGetTrimForRadcExtCfg.part.0
                0x000000000000eb98       0x1c contiki-srf06-cc26xx.a(setup_rom.o)
 .text.NOROM_SetupAfterColdResetWakeupFromShutDownCfg1
                0x000000000000ebb4       0x74 contiki-srf06-cc26xx.a(setup_rom.o)
                0x000000000000ebb4                NOROM_SetupAfterColdResetWakeupFromShutDownCfg1
 .text.NOROM_SetupAfterColdResetWakeupFromShutDownCfg3
                0x000000000000ec28      0x1ac contiki-srf06-cc26xx.a(setup_rom.o)
                0x000000000000ec28                NOROM_SetupAfterColdResetWakeupFromShutDownCfg3
 .text.NOROM_SetupGetTrimForAnabypassValue1
                0x000000000000edd4       0x64 contiki-srf06-cc26xx.a(setup_rom.o)
                0x000000000000edd4                NOROM_SetupGetTrimForAnabypassValue1
 .text.NOROM_SetupGetTrimForAmpcompCtrl
                0x000000000000ee38       0x58 contiki-srf06-cc26xx.a(setup_rom.o)
                0x000000000000ee38                NOROM_SetupGetTrimForAmpcompCtrl
 .text.NOROM_SetupAfterColdResetWakeupFromShutDownCfg2
                0x000000000000ee90      0x190 contiki-srf06-cc26xx.a(setup_rom.o)
                0x000000000000ee90                NOROM_SetupAfterColdResetWakeupFromShutDownCfg2
 .text.NOROM_SetupSetCacheModeAccordingToCcfgSetting
                0x000000000000f020       0x6c contiki-srf06-cc26xx.a(setup_rom.o)
                0x000000000000f020                NOROM_SetupSetCacheModeAccordingToCcfgSetting
 .text.NOROM_AONBatMonTemperatureGetDegC
                0x000000000000f08c       0x30 contiki-srf06-cc26xx.a(aon_batmon.o)
                0x000000000000f08c                NOROM_AONBatMonTemperatureGetDegC
 .text.mac_sequence_is_duplicate
                0x000000000000f0bc       0x4c contiki-srf06-cc26xx.a(mac-sequence.o)
                0x000000000000f0bc                mac_sequence_is_duplicate
 .text.mac_sequence_register_seqno
                0x000000000000f108       0x68 contiki-srf06-cc26xx.a(mac-sequence.o)
                0x000000000000f108                mac_sequence_register_seqno
 .text.stimer_set
                0x000000000000f170       0x10 contiki-srf06-cc26xx.a(stimer.o)
                0x000000000000f170                stimer_set
 .text.stimer_expired
                0x000000000000f180       0x20 contiki-srf06-cc26xx.a(stimer.o)
                0x000000000000f180                stimer_expired
 .text          0x000000000000f1a0       0x10 /usr/lib/gcc/arm-none-eabi/9.2.1/../../../arm-none-eabi/lib/thumb/v7-m/nofp/libm.a(lib_a-w_exp2.o)
                0x000000000000f1a0                exp2
 .text          0x000000000000f1b0      0x17c /usr/lib/gcc/arm-none-eabi/9.2.1/../../../arm-none-eabi/lib/thumb/v7-m/nofp/libm.a(lib_a-w_pow.o)
                0x000000000000f1b0                pow
 .text          0x000000000000f32c      0x17c /usr/lib/gcc/arm-none-eabi/9.2.1/../../../arm-none-eabi/lib/thumb/v7-m/nofp/libm.a(lib_a-e_sqrt.o)
                0x000000000000f32c                __ieee754_sqrt
 .text          0x000000000000f4a8        0x8 /usr/lib/gcc/arm-none-eabi/9.2.1/../../../arm-none-eabi/lib/thumb/v7-m/nofp/libm.a(lib_a-s_fabs.o)
                0x000000000000f4a8                fabs
 .text          0x000000000000f4b0        0xc /usr/lib/gcc/arm-none-eabi/9.2.1/../../../arm-none-eabi/lib/thumb/v7-m/nofp/libm.a(lib_a-s_finite.o)
                0x000000000000f4b0                finite
 .text          0x000000000000f4bc        0xc /usr/lib/gcc/arm-none-eabi/9.2.1/../../../arm-none-eabi/lib/thumb/v7-m/nofp/libm.a(lib_a-s_nan.o)
                0x000000000000f4bc                nan
 .text          0x000000000000f4c8      0x114 /usr/lib/gcc/arm-none-eabi/9.2.1/../../../arm-none-eabi/lib/thumb/v7-m/nofp/libm.a(lib_a-s_rint.o)
                0x000000000000f4c8                rint
 .text          0x000000000000f5dc      0x168 /usr/lib/gcc/arm-none-eabi/9.2.1/thumb/v7-m/nofp/libgcc.a(_arm_mulsf3.o)
                0x000000000000f5dc                __mulsf3
                0x000000000000f5dc                __aeabi_fmul
 .text          0x000000000000f744      0x378 /usr/lib/gcc/arm-none-eabi/9.2.1/thumb/v7-m/nofp/libgcc.a(_arm_addsubdf3.o)
                0x000000000000f744                __aeabi_drsub
                0x000000000000f74c                __aeabi_dsub
                0x000000000000f74c                __subdf3
                0x000000000000f750                __adddf3
                0x000000000000f750                __aeabi_dadd
                0x000000000000f9c8                __aeabi_ui2d
                0x000000000000f9c8                __floatunsidf
                0x000000000000f9e8                __floatsidf
                0x000000000000f9e8                __aeabi_i2d
                0x000000000000fa0c                __extendsfdf2
                0x000000000000fa0c                __aeabi_f2d
                0x000000000000fa50                __aeabi_ul2d
                0x000000000000fa50                __floatundidf
                0x000000000000fa60                __floatdidf
                0x000000000000fa60                __aeabi_l2d
 .text          0x000000000000fabc      0x424 /usr/lib/gcc/arm-none-eabi/9.2.1/thumb/v7-m/nofp/libgcc.a(_arm_muldivdf3.o)
                0x000000000000fabc                __aeabi_dmul
                0x000000000000fabc                __muldf3
                0x000000000000fd10                __aeabi_ddiv
                0x000000000000fd10                __divdf3
 .text          0x000000000000fee0      0x110 /usr/lib/gcc/arm-none-eabi/9.2.1/thumb/v7-m/nofp/libgcc.a(_arm_cmpdf2.o)
                0x000000000000fee0                __gtdf2
                0x000000000000fee0                __gedf2
                0x000000000000fee8                __ltdf2
                0x000000000000fee8                __ledf2
                0x000000000000fef0                __cmpdf2
                0x000000000000fef0                __eqdf2
                0x000000000000fef0                __nedf2
                0x000000000000ff6c                __aeabi_cdrcmple
                0x000000000000ff7c                __aeabi_cdcmple
                0x000000000000ff7c                __aeabi_cdcmpeq
                0x000000000000ff8c                __aeabi_dcmpeq
                0x000000000000ffa0                __aeabi_dcmplt
                0x000000000000ffb4                __aeabi_dcmple
                0x000000000000ffc8                __aeabi_dcmpge
                0x000000000000ffdc                __aeabi_dcmpgt
 .text          0x000000000000fff0       0x2c /usr/lib/gcc/arm-none-eabi/9.2.1/thumb/v7-m/nofp/libgcc.a(_arm_unorddf2.o)
                0x000000000000fff0                __aeabi_dcmpun
                0x000000000000fff0                __unorddf2
 .text          0x000000000001001c       0xa0 /usr/lib/gcc/arm-none-eabi/9.2.1/thumb/v7-m/nofp/libgcc.a(_arm_truncdfsf2.o)
                0x000000000001001c                __aeabi_d2f
                0x000000000001001c                __truncdfsf2
 .text          0x00000000000100bc      0x21c /usr/lib/gcc/arm-none-eabi/9.2.1/thumb/v7-m/nofp/libgcc.a(_arm_addsubsf3.o)
                0x00000000000100bc                __aeabi_frsub
                0x00000000000100c4                __subsf3
                0x00000000000100c4                __aeabi_fsub
                0x00000000000100c8                __aeabi_fadd
                0x00000000000100c8                __addsf3
                0x0000000000010228                __aeabi_ui2f
                0x0000000000010228                __floatunsisf
                0x0000000000010230                __aeabi_i2f
                0x0000000000010230                __floatsisf
                0x000000000001024c                __floatundisf
                0x000000000001024c                __aeabi_ul2f
                0x000000000001025c                __floatdisf
                0x000000000001025c                __aeabi_l2f
 .text          0x00000000000102d8       0x4c /usr/lib/gcc/arm-none-eabi/9.2.1/thumb/v7-m/nofp/libgcc.a(_arm_fixsfsi.o)
                0x00000000000102d8                __fixsfsi
                0x00000000000102d8                __aeabi_f2iz
 .text          0x0000000000010324       0x30 /usr/lib/gcc/arm-none-eabi/9.2.1/thumb/v7-m/nofp/libgcc.a(_aeabi_uldivmod.o)
                0x0000000000010324                __aeabi_uldivmod
 .text          0x0000000000010354      0x2c4 /usr/lib/gcc/arm-none-eabi/9.2.1/thumb/v7-m/nofp/libgcc.a(_udivmoddi4.o)
                0x0000000000010354                __udivmoddi4
 .text          0x0000000000010618        0x4 /usr/lib/gcc/arm-none-eabi/9.2.1/thumb/v7-m/nofp/libgcc.a(_dvmd_tls.o)
                0x0000000000010618                __aeabi_ldiv0
                0x0000000000010618                __aeabi_idiv0
 .text          0x000000000001061c        0xc /usr/lib/gcc/arm-none-eabi/9.2.1/../../../arm-none-eabi/lib/thumb/v7-m/nofp/libc.a(lib_a-errno.o)
                0x000000000001061c                __errno
 .text          0x0000000000010628       0x60 /usr/lib/gcc/arm-none-eabi/9.2.1/../../../arm-none-eabi/lib/thumb/v7-m/nofp/libc.a(lib_a-memcmp.o)
                0x0000000000010628                memcmp
 .text          0x0000000000010688       0xec /usr/lib/gcc/arm-none-eabi/9.2.1/../../../arm-none-eabi/lib/thumb/v7-m/nofp/libc.a(lib_a-memcpy.o)
                0x0000000000010688                memcpy
 .text          0x0000000000010774       0xcc /usr/lib/gcc/arm-none-eabi/9.2.1/../../../arm-none-eabi/lib/thumb/v7-m/nofp/libc.a(lib_a-memmove.o)
                0x0000000000010774                memmove
 .text          0x0000000000010840       0xa0 /usr/lib/gcc/arm-none-eabi/9.2.1/../../../arm-none-eabi/lib/thumb/v7-m/nofp/libc.a(lib_a-memset.o)
                0x0000000000010840                memset
 .text          0x00000000000108e0       0x5c /usr/lib/gcc/arm-none-eabi/9.2.1/../../../arm-none-eabi/lib/thumb/v7-m/nofp/libc.a(lib_a-strlen-stub.o)
                0x00000000000108e0                strlen
 *(SORT_BY_ALIGNMENT(.rodata*))
 *fill*         0x000000000001093c        0x4 00000000
 .rodata        0x0000000000010940       0x10 /usr/lib/gcc/arm-none-eabi/9.2.1/../../../arm-none-eabi/lib/thumb/v7-m/nofp/libm.a(lib_a-s_rint.o)
 .rodata.process_thread_print_process.str1.4
                0x0000000000010950       0x55 main.co
 *fill*         0x00000000000109a5        0x3 00000000
 .rodata.str1.4
                0x00000000000109a8       0x1f main.co
 *fill*         0x00000000000109c7        0x1 00000000
 .rodata.autostart_processes
                0x00000000000109c8        0xc main.co
                0x00000000000109c8                autostart_processes
 .rodata.main.str1.4
                0x00000000000109d4       0xf2 contiki-srf06-cc26xx.a(contiki-main.o)
 *fill*         0x0000000000010ac6        0x2 00000000
 .rodata.str1.4
                0x0000000000010ac8        0x8 contiki-srf06-cc26xx.a(sensors.o)
 .rodata.str1.4
                0x0000000000010ad0        0x7 contiki-srf06-cc26xx.a(bmp-280-sensor.)
 *fill*         0x0000000000010ad7        0x1 00000000
 .rodata.bmp_280_sensor
                0x0000000000010ad8       0x10 contiki-srf06-cc26xx.a(bmp-280-sensor.)
                0x0000000000010ad8                bmp_280_sensor
 .rodata.str1.4
                0x0000000000010ae8        0x7 contiki-srf06-cc26xx.a(tmp-007-sensor.)
 *fill*         0x0000000000010aef        0x1 00000000
 .rodata.tmp_007_sensor
                0x0000000000010af0       0x10 contiki-srf06-cc26xx.a(tmp-007-sensor.)
                0x0000000000010af0                tmp_007_sensor
 .rodata.str1.4
                0x0000000000010b00        0x8 contiki-srf06-cc26xx.a(opt-3001-sensor)
 .rodata.opt_3001_sensor
                0x0000000000010b08       0x10 contiki-srf06-cc26xx.a(opt-3001-sensor)
                0x0000000000010b08                opt_3001_sensor
 .rodata.str1.4
                0x0000000000010b18        0x8 contiki-srf06-cc26xx.a(hdc-1000-sensor)
 .rodata.hdc_1000_sensor
                0x0000000000010b20       0x10 contiki-srf06-cc26xx.a(hdc-1000-sensor)
                0x0000000000010b20                hdc_1000_sensor
 .rodata.str1.4
                0x0000000000010b30        0x8 contiki-srf06-cc26xx.a(mpu-9250-sensor)
 .rodata.mpu_9250_sensor
                0x0000000000010b38       0x10 contiki-srf06-cc26xx.a(mpu-9250-sensor)
                0x0000000000010b38                mpu_9250_sensor
 .rodata.str1.4
                0x0000000000010b48        0x7 contiki-srf06-cc26xx.a(button-sensor.o)
 *fill*         0x0000000000010b4f        0x1 00000000
 .rodata.button_left_sensor
                0x0000000000010b50       0x10 contiki-srf06-cc26xx.a(button-sensor.o)
                0x0000000000010b50                button_left_sensor
 .rodata.button_right_sensor
                0x0000000000010b60       0x10 contiki-srf06-cc26xx.a(button-sensor.o)
                0x0000000000010b60                button_right_sensor
 .rodata.str1.4
                0x0000000000010b70        0x5 contiki-srf06-cc26xx.a(reed-relay.o)
 *fill*         0x0000000000010b75        0x3 00000000
 .rodata.reed_relay_sensor
                0x0000000000010b78       0x10 contiki-srf06-cc26xx.a(reed-relay.o)
                0x0000000000010b78                reed_relay_sensor
 .rodata.ieee_mode_driver
                0x0000000000010b88       0x38 contiki-srf06-cc26xx.a(ieee-mode.o)
                0x0000000000010b88                ieee_mode_driver
 .rodata.mode_ieee
                0x0000000000010bc0        0x8 contiki-srf06-cc26xx.a(ieee-mode.o)
 .rodata.output_power
                0x0000000000010bc8       0x68 contiki-srf06-cc26xx.a(ieee-mode.o)
 .rodata.str1.4
                0x0000000000010c30       0x1b contiki-srf06-cc26xx.a(soc-trng.o)
 *fill*         0x0000000000010c4b        0x1 00000000
 .rodata.format_str_v.str1.4